                                ###############                    
                         ########.............#                    
                         #...........########.#                    
                         #.######.##.#      #.#                    
                         #.#    #.##.#      #.##########           
                         #.##   #.##.#     ##..........#           
                         #..##  #.##.#######...#######.##########  
                         #...#  #.##.##.........................#  
                         ###.## #.##>#.).###....######.########.#  
                         ##...###.##............#    #.#      #.#  
                    ######.....##..###...####.###    #^#      #.#  
                #####...#.).....#..####.#####.#      #.####   #.#  
             ####..........._.................#      #....#   #.#  
             #...#....###.......##.####.#######     ##..#.#   #.#  
             #..###...>.##.....###.## #.#           #.....#   #.#  
             #.#.#.####.###...###...###.####        #.##.##   #.#  
             #.##..#  #...##.##..........[.#    #####.##.##   #.#  
             #.##..#  #.###..#...)..###.##.#   ##.PP...^#^##  #.###
             #.##..## #.# #.#....#......##.#   #.PPPP..#.≈§#  #...#
            ##.##.#.###.# #.#.##.#.#######.#   #.P_....._≈.#  ###.#
  ###########....###.##.###.#....#.#     #.#   #PPPPP.#.≈#≈#### #.#
  #...............#......##.#.#..#.#     #.#   ##.PP...≈.≈....# #.#
  #.######.#...##.>................#     #.#    #.##..##.####.# #.#
  #.#    ##.#.########...####.#..#.#     #.#    #.)......#  #.# #.#
  #.#     #.#.#   #####.#####.#..#.# #####.#    #.########  #.# #.#
 ##.##    #.#.#####...........<..#.# #.....#    #.#         #.# #.#
##...##   #.#...........#######.##.# #.#####    #.#######   #.# #.#
#.###)#   #.#..####.#####     #.##.# #.#        #.......##  #.# #.#
#.# #.#   #.#.........#########.##.# #.#        #.####...## #.# #.#
#.###.#   #..........#....<.....##.# #.#        #.# #..#..###.###.#
##...##   ####.######.######.#.###.# #.#        #.# #.###.......#.#
 ###.#       #.#    ###   #.#......# #.#     ####.###..#..###.#.#.#
   #.#     ###.#          ##...##### #.#     #....................#
   #.#     #...#           ##.##     #.#     #.##.............#.###
   #.#     #.###            #.#      #.#     #.######.#.#######.#  
   #.#     #.#              #.#     ##.##    #.#    #.#.#     #.#  
   #.#     #.#              #.#    ##...##   #.#    #.#.#     #.#  
   #.#     #.#              #.######.....#  ##.##   #.#.#     #.#  
   #.#     #.#              #............####...#####.#.#     #.#  
   #.#     #.#              ########..........).......#.#     #.#  
   #.#######.###                   ##...#####...####....#     #.#  
   #..)....#...#                    ##.##   ##...# #.####     #.#  
   #######.###.#                     #.#     ###.# #.#        #.#  
         #.###.##                   ##.#       #.# #.#        #.#  
         #.##.[.##                  #..#       #.# #.#        #.#  
         #.#.....######        ######.##       #.###.##       #.#  
         #.....<......#        #......#        #......#       #.#  
         #.#.....####.#        #.####.#        #####..#########.#  
         #.#....##  #.#        #.#  #.#########    #............#  
         #.#.#.######.#        #.#  #.........######.############  
         #.#.#........#        #.#  #.#######........#             
         #)#.########.##########.####.#     ##########             
         #.#.########.................#                            
         #.....................########                            
         ###.########.##########                                   
           #.########.#                                            
           #..........#                                            
           ############                                            
