##                                             
...##                                          
PP...##                                        
P.PP...###                                     
 ♣P.P≈...#############                         
  ♣≈≈.P...)..........#                         
PPP♣≈≈≈PPP##########.####                      
   ♣≈≈♣≈PP..............#                      
 ≈PP♣♣≈≈≈P.#########.##.############           
PPP  ♣≈≈P..#       #.#..)..........#           
PP   ♣≈PPP.#      ##.#...)..........           
≈    PP.P#.#     ##..#.##########..#           
    ..P....#    #♣PP≈..#######  #..#           
                #≈≈P.P.......#  #g.#           
                #.≈≈P...####.#  #..#######     
               #.....###.###.#  #.......>#.####
             #........  #.##.####.####.........
             #........  #.........# ##.#..#####
             #......... #.##..##.## #..#..#    
             ###..##### ##########  #.##..#    
               #..                 ##.# ...    
               #.    #######      ##..# ...#   
                    ##.P#≈≈###### #..## ...#   
                  ###.≈≈≈≈≈.#≈≈≈###.##  ....   
                  #.P##≈≈≈...##≈.##.##         
                  #.P...≈P.≈P....##..#         
                  #.≈≈..≈P.....P.....##        
                  #..≈...≈≈≈P...≈..≈..#        
                  #.P..P...P..P≈......##       
                  #..P...P≈....P.......#       
                  #<.P..≈P...P≈........#       
                  #≈.P.≈.≈≈≈......P##.....     
                  #.......P≈≈≈≈...P# #.....    
                  #≈.≈P.....≈.....##  #....    
                  #≈≈..≈.≈......###    #...    
                  #.≈P.≈≈≈≈.#####       ...    
                  #..≈..#..##                  
                  ##########                   
