                                      #########             
                                      #.......#             
                                      #####.#.############# 
                                          #.#.............# 
                                          #.#############.# 
                               ..         #.#           #.# 
                               ...        #.# ###########.##
                                ...       #.# #............#
                                ...########.# #.###..#######
                               ####......##.# #.# #..#      
                               ...>.........# #.###..#      
                                 #........#####......#      
                             #####......)............#      
                             .......#####).###.#######      
                              ..........#..###.#            
                           # ###.#...##.#.<....# ###        
                           #.#..........#...#..###.#        
                           ........................#        
                           .....#..#....#.....)....######   
                           .............#..##...........#   
                             .#.#.......#..........####.#   
                                ##.#.#.............## #.#   
                                 #z###..#.###..##...###.#   
                                 #z###..#.##............#   
                                 #.#................#####   
                           #######z#.##.#.####..###.#       
                           #.(c.cz##. #.#.#  #......#       
                           #(...cz##  .(...  ######.#       
                       #####(((...#  ####.##      ###       
                       #)...(.....#     #.#                 
                       #....##'####     #.#                 
                       #(...##.#        #.#                 
                       #....##(#                            
                       #....##.#                            
                       #.....#c####                         
                       ##.........#                         
                    #.....)..#....#                         
                    #.#.#....##...#                         
                     ........# ......                       
                   >.......... ..(...                       
                   ...#..######.......                      
                   ...#..      #......                      
                      ...        ....                       
