         ########                             
 #########......#                             
  .....#........##                            
#  #.#..._.......#                            
#.  #............#                            
 ..###.....⌠.....####. .                      
# #.#.................#.                      
#.##.#......._.######...     .#.#..#          
#..............##### #.#     .......#.#       
####.##.##.........# #.#      #.#>..#.        
  #......#..##.##..# #.#       ?......     #  
  #..##........##..###.#####    #...### ##.##.
  #..###.##.÷....).))......#    #.....  .#....
  #....#.##........####.##.######...####....#.
  #.##.#.##...)))#.#  #.##....................
  #.##.#.##....)...####.#.......÷.............
  #......##....<.####...##....÷...............
  ####.####.[....## #.###########...####..>.#.
     #.#  #.......# #.#         #........##...
     #.#  ##.####.# #.#         #...#####    #
     #.#  ##.####.###.#       ###...###       
     #.# ##..##.......#       #.......#       
     #.###.#.##.#.#####    ####.#...#.#       
     #....###.#.#.#        #.......##.#       
     #####.#......#        #.##.####  #       
          #.....#.#        #........          
          ####.#.##        #..####..          
             ##.##       ###..####..#         
              ###        #..)g.....##         
                         #..gg..##..          
                         #.#.g......          
                        ...........#          
                       .##.#.##.##.#          
                      #  # ... .. ..          
                           #.# #..            
                           #.#  ...           
