            ...............         
            ...............         
            .......=.......         
            ...............         
 ..........................         
 ..................F.......         
 ..........................         
.#.P.......................         
#.##.......#.#..#..D...P#..         
...#.......#  #.P.....###           
...........####.......#             
.  #...........##...........  ..##  
...#.....#..§F.............# ....   
#.......###....##.....##.... ...#   
........# ##..#.#.....##...# #l.##  
.........# #.## # .....#...###...## 
........#.#...    ....#.§.P#.P....# 
...............   .......§......### 
......... ......  ........F.......# 
...........####   ......#.Y.....P.# 
.......### #      ................# 
..#.#..           .......#.##..#...#
                  .............#..##
                  .....##.#..#....# 
                  ....# ..........# 
                  .... ..#.##.....P 
                  ...    ..  ..#. ##
                  ..          .#    
