                                                        ###      
                                                        #<#      
                                                        #.#      
                                                        #.#      
                                                        #.#      
                                                        #.#      
############                    ################        #.#      
#...h.ph...#                    ...............#        #.#      
#..#######.########             #######..#####.#        #.#      
#..'p..%%#.>.......              ...###..#   #.#        #.#      
##.#h...%#...######           # # #..##..#   #.#   ######.#      
 #####h###...#                #.####.##..#   #.#   #...##.#      
   #.....#...#  ######      ###.......#..#  .#.#   #.#.##.###.#  
   #.....#.).#  #....#      #............# #.#.#####.._.......#  
   #######phh#  #....#      #.#..###.....# #.#.#...'.#÷#'.....#  
         ##h#####....########.######.#...###.#.#.###....#####....
          #.h...'....'..............................>...#     ###
          #######....########.########..###.##...#......#        
                #....#      #.#      #........._........#        
              #########   ###.###    #..................#        
           ####.#   #.#   #.....#    #...#...#.#.#......#        
           #....## ##.## ##.....######....<....#.##.....#        
           #.....# #...# #.)...........#.#..####+##.....#        
           #...#.###.#.###)#....#####..............#.####        
           #...#..#..#..#..#.)..#   #.##.#..###....#.#           
           #...##...###...##....#   #.##....# #....#.#           
           #...##...# #...#######   #.##..#.###....#.#           
           #...###.## ##.##         #.##.............#           
           ###############          #.###.#.####.....#           
                #.......#     #######'###...#  #.....#           
                #...#####     #.........##..#  #.....#           
                #...#         #.........##..#  #.....#           
                #...#         #.........##..#  ####..#           
                #...#         #.........##..#     ##.#           
                #...#         #.........'..>#      #.#           
             ####...#         #.........##.##      #.####        
             #......#         #.##########..########....#        
        ######.....##         #......................##.#        
        #..........#         ##.......................#.#        
        #......#####        ##......#.....#.....#.......#        
        #......#           ##...###.#.###.#.###.#.###...#        
        #......#          ##.....)..#.....#.....#.......#        
        #......#         ##......#.....#.....#..........#        
        #......#      ####...###.#.###.#.###.#.###.....##        
        #......#     ##..........#.....#.....#........##         
        #......#######........#.)...#.....#..........##          
        #...........#.....###.#.###.#.###.#.###.....##           
        ###########..[....)...#.....#.....#........##            
                  ##.).....#.....#.....#..........##             
                   #...###.#.###.#.###.#.###.....##              
                   #..)....#.....#.....#........##               
                   #...........................##                
                   ##.........................##                 
                    ##...#################...##                  
                     #####               #####                   
