Olats

Level 1 of the Dungeon
(0, 0, D:1)
  a cursed +0 club
(12, 12, D:1)
  a +0 club
(30, -3, D:1)
  a +0 mace
(30, 33, D:1)
  a +0 club
(32, 13, D:1)
  a +0 whip
(42, 3, D:1)
  a +0 club

Level 2 of the Dungeon
(0, 0, D:2)
  a +0 dagger
(6, 0, D:2)
  a +0 leather armour
(17, 6, D:2)
  a +0 robe
(38, 18, D:2)
  a +0 club
(39, -5, D:2)
  a +0 dagger
(39, -4, D:2)
  a +0 leather armour
(41, 19, D:2)
  a +0 helmet

Level 3 of the Dungeon
(0, 0, D:3)
  a +0 quarterstaff
(3, -7, D:3)
  a +0 spear
(8, -13, D:3)
  a +0 dagger

Level 4 of the Dungeon
(0, 0, D:4)
  a +0 robe
(7, 20, D:4)
  a +2 whip of freezing
(10, 2, D:4)
  a +0 scale mail
(14, 15, D:4)
  a +0 dagger
  a +0 robe
(14, 16, D:4)
  a +0 club
  a +0 leather armour
  a +0 dagger
  a +0 trident
  a +0 scale mail
(35, 11, D:4)
  a +0 dagger
  a +0 flail
  a +0 short sword
(42, 27, D:4)
  a +0 flail
(42, 41, D:4)
  a cursed ring of teleportation
(43, 6, D:4)
  a +0 robe
(52, 41, D:4)
  a -3 ring of evasion
  a +0 ring mail
  a scroll of random uselessness

Level 5 of the Dungeon
(0, 0, D:5)
  a +0 club
(6, 1, D:5)
  a +0 robe
(7, 1, D:5)
  a +0 hand axe
  a +0 scale mail
(25, 9, D:5)
  a +0 club
  a +0 ring mail
(26, -10, D:5)
  a +0 hunting sling
(28, -35, D:5)
  a +0 dagger
  a +0 robe
(29, -35, D:5)
  a cursed -2 club
  a +0 ring mail
  a +0 dagger
(31, -33, D:5)
  a +0 dagger
  a +0 robe
(32, 1, D:5)
  a +0 dagger
  a +0 club
  a +0 chain mail
  a +0 dagger
  a +0 robe
  a +0 dagger
  a +0 robe

Level 6 of the Dungeon
(0, 0, D:6)
  a +0 club
(6, 16, D:6)
  a +0 giant spiked club
(23, -5, D:6)
  a +0 dagger
(28, 32, D:6)
  a +0 shortbow
(32, 18, D:6)
  a cursed -1 spear (still there?)
  5 stones (still there?)
(32, 22, D:6)
  a +0 spear (still there?)
  2 stones (still there?)

Level 7 of the Dungeon
[Shop] Gaopn's Assorted Antiques
  a scroll of enchant weapon (247 gold)
  2 scrolls of immolation (231 gold)
  an uncursed staff of energy (825 gold)
  an uncursed staff of earth (825 gold)
  a scroll of vulnerability (247 gold)
  a +0 battleaxe (214 gold)
  a +1 robe of cold resistance (419 gold)
  a potion of invisibility (264 gold)
  a potion of ambrosia (264 gold)
  a +3 great mace (775 gold)
(1, 11, D:7)
  a +0 hunting sling
(9, -24, D:7)
  a +0 leather armour
(11, 16, D:7)
  a +0 leather armour
(16, -12, D:7)
  a +0 flail
(45, -17, D:7)
  a +0 shortbow
(46, -10, D:7)
  a +0 falchion
  a +0 long sword
  a +0 shortbow
  a +0 scale mail
  a +0 scythe
  a +0 dagger
  a +0 spear
(46, 12, D:7)
  a +0 giant club
(47, -14, D:7)
  a +2 halberd of protection
(48, -14, D:7)
  a +0 whip
(50, -5, D:7)
  a cursed +0 robe
(50, -4, D:7)
  a +0 robe
  a +0 short sword
(50, -3, D:7)
  a +0 robe
(51, -2, D:7)
  a +0 giant spiked club

Level 8 of the Dungeon
(0, 0, D:8)
  12 poisoned needles
(7, 17, D:8)
  a +0 troll leather armour
(7, 21, D:8)
  6 poisoned needles
(7, 22, D:8)
  a +0 leather armour
(7, 23, D:8)
  a cursed +0 chain mail
(14, 7, D:8)
  a +0 scale mail
(19, -14, D:8)
  a +0 robe
(32, 18, D:8)
  a +0 flail
(44, -1, D:8)
  a +0 plate armour
(48, 6, D:8)
  a +0 shortbow
  a +0 trident
  a +0 short sword
  a +0 short sword
(51, 21, D:8)
  a scroll of random uselessness
(60, 2, D:8)
  a +0 ring mail

Level 9 of the Dungeon
(0, 0, D:9)
  a +0 morningstar
(1, 0, D:9)
  a +0 flail
(2, 0, D:9)
  a +1 dagger of venom
  a +0 dagger
  a +0 scale mail
(3, 0, D:9)
  a +0 mace
(7, -12, D:9)
  a +0 giant club
  a +0 robe
(7, -10, D:9)
  a +0 falchion
  a +0 dagger
  a cursed +0 robe
  a +0 chain mail
  a +0 hand axe
  a +0 leather armour
  a +0 mace
  a +0 ring mail
  a +0 dagger
  a +0 robe
  a cursed -3 war axe
  a +0 plate armour
(15, 18, D:9)
  a +0 falchion
  a +0 battleaxe
  a +0 shortbow
  a +0 robe
  a +0 whip
(19, 15, D:9)
  a potion of degeneration
(19, 17, D:9)
  a +0 long sword
(21, -20, D:9)
  a +0 leather armour
  a +0 dagger
(25, 10, D:9)
  a +0 shortbow
(26, -17, D:9)
  a +0 dagger
  a +0 robe
(27, -6, D:9)
  11 poisoned needles
(28, 9, D:9)
  a +0 hunting sling
  a cursed +0 ring mail
(30, 9, D:9)
  a +0 giant club
(31, -12, D:9)
  a +0 giant spiked club
  a +0 long sword
  a +0 plate armour
  a +0 mace of protection
  a cursed -2 plate armour
  a +0 dire flail
  a +0 chain mail
  a +0 leather armour
  a +0 club
  a +2 mace of draining
  a +0 chain mail
(31, 9, D:9)
  a +0 leather armour
(38, -6, D:9)
  a +0 spear
(38, -5, D:9)
  a cursed +0 spear
(39, -4, D:9)
  a +0 spear
(43, -16, D:9)
  a +0 shortbow
(47, -1, D:9)
  a +0 short sword

Level 10 of the Dungeon
(0, 0, D:10)
  a +0 giant club
(7, 14, D:10)
  a potion of invisibility
  a -1 robe
(7, 15, D:10)
  a +0 scale mail
(8, -1, D:10)
  a +0 trident
  a +0 chain mail
(9, -4, D:10)
  a +0 mace
  a +0 chain mail
(9, -3, D:10)
  a +0 hand axe
  a +0 dire flail
  a +0 plate armour
  a +0 dagger
  a +0 robe
  a +0 war axe of draining
  a +0 chain mail
(9, -2, D:10)
  a +0 war axe
  a +0 leather armour
  a +0 leather armour
  a +0 flail
  a +0 mace
  a +0 dagger
  a +0 leather armour
(22, 15, D:10)
  a +0 scale mail
(26, 29, D:10)
  10 poisoned needles
(27, 29, D:10)
  a +0 dagger
  a +0 robe
(28, 28, D:10)
  a +0 dagger
  a +2 hand axe of chopping
  a +0 plate armour
(29, 28, D:10)
  a +0 mace
  a +0 leather armour
(34, 2, D:10)
  a +0 ring mail
(38, 4, D:10)
  a +0 robe
(40, 30, D:10)
  a +0 falchion
  a wand of enslavement (10/24)
(44, -7, D:10)
  a potion of mutation
(46, 2, D:10)
  a +0 giant club
(47, 17, D:10)
  a +0 shortbow
(47, 18, D:10)
  a +0 dagger
  a +0 robe
(47, 19, D:10)
  a +0 long sword
  a +0 plate armour
  a +0 short sword
(51, -3, D:10)
  a +0 morningstar
  a potion of mutation

Level 11 of the Dungeon
(12, -23, D:11)
  a large rock
(16, -21, D:11)
  3 large rocks
(20, -18, D:11)
  a large rock
(40, -15, D:11)
  a poisoned needle
(40, -14, D:11)
  21 poisoned needles
  a +0 robe
  a cursed -3 blowgun
  a +0 dagger
  a cursed +0 whip
(40, -13, D:11)
  16 poisoned needles
  a +0 blowgun
  a +0 club
(41, -15, D:11)
  a +0 short sword
(41, -14, D:11)
  a poisoned needle
  a +0 whip
(41, -13, D:11)
  2 stones
(42, -12, D:11)
  15 poisoned needles
  a +0 club
  a cursed -3 blowgun
(43, -9, D:11)
  a poisoned needle
(45, -12, D:11)
  a +0 dagger
(46, -1, D:11)
  a +0 flail
  a +0 ring mail
(47, -9, D:11)
  a poisoned needle
(48, -29, D:11)
  a book of Callings
  a +1 rapier
  2 scrolls of fog
  the cursed +0 leather armour of the Snail {rF+ rN+ Slay-3}
    It affects your accuracy and damage with ranged weapons and melee attacks
    (-3).
    It protects you from fire.
    It protects you from negative energy.
    It has a curse placed upon it.
  a +0 long sword
  a +0 whip of electrocution
(53, -9, D:11)
  25 stones
(56, -21, D:11)
  a +0 rapier
(60, -9, D:11)
  a +0 robe
(61, -9, D:11)
  a +0 robe
  a cursed +5 mace
  a +0 robe
(61, -8, D:11)
  a cursed +0 scimitar
  a +0 robe
  a +0 mace
  a +0 robe

the Ecumenical Temple
(16, -2, Temple)
  a +3 halberd of venom
  a +0 dagger of venom
  11 poisoned needles

Level 1 of the Lair of Beasts
(0, 0, Lair:1)
  a potion of degeneration
(1, -3, Lair:1)
  the +1 leather armour "Caugan" {Str+3}
    It affects your strength (+3).
(5, -1, Lair:1)
  a +0 robe
(14, -27, Lair:1)
  a +0 falchion
(18, 16, Lair:1)
  a potion of degeneration
(20, -9, Lair:1)
  a scroll of torment
(24, -28, Lair:1)
  a +0 robe
(25, -29, Lair:1)
  a +0 leather armour
(25, 13, Lair:1)
  a +1 robe of fire resistance
  a +5 quarterstaff
(26, -29, Lair:1)
  a scroll of noise
(32, -1, Lair:1)
  a +0 centaur barding

Level 2 of the Lair of Beasts
(0, 0, Lair:2)
  a +0 pair of gloves
(3, 17, Lair:2)
  a +0 scimitar
(8, 16, Lair:2)
  a +0 flail
(12, 13, Lair:2)
  a +0 robe
(17, -11, Lair:2)
  a +2 great sword
(18, -5, Lair:2)
  a potion of invisibility
(21, 10, Lair:2)
  2 potions of brilliance
  an uncursed staff of summoning
  a +1 scimitar
  an uncursed ring of magical power
  a +0 hunting sling
  a +0 lajatang
(25, 22, Lair:2)
  a +0 long sword
(36, 7, Lair:2)
  a +0 dagger
  a +0 robe
  a potion of mutation
(38, -11, Lair:2)
  a wand of random effects (13/48)
  an uncursed ring of stealth

Level 3 of the Lair of Beasts
(0, 0, Lair:3)
  21 arrows
(1, 4, Lair:3)
  16 gold pieces
(3, 3, Lair:3)
  a meat ration
(8, -15, Lair:3)
  a +0 chain mail
(10, -3, Lair:3)
  a bullfrog corpse (still there?)
  a water moccasin corpse (still there?)
(11, -4, Lair:3)
  a bullfrog corpse
(15, 1, Lair:3)
  a potion of heal wounds

Level 5 of the Lair of Beasts
(0, 0, Lair:5)
  an uncursed ring of flight

