                    
                    
                    
                    
                    
                    
                    
                    
                    
                    
                    
                    
                    
                    
                    
                    
                    
                    
                    
                    
                    
                    
                    
                    
                    
                    
                    
                    
                    
                    
                    
   #..#             
   #...             
   ...#             
   #..#             
   #..#             
   #..#       ##    
   #..#     ...#    
   #..#    #._.#    
   #..######...#####
   #..#..8.#####.8..
   #...........!..# 
   #<.W§§...#+#...# 
##.##.#.#...#p#...# 
.........)))###...# 
#.#######..)(.....# 
   .................
   ########.#.#.....
          ..........
         ...#.######
        #####.#     
             .#     
             ..     
