Fuotablaqi

Level 1 of the Dungeon
(0, 0, D:1)
  a +0 short sword
(1, -4, D:1)
  a +0 leather armour
(11, -50, D:1)
  a +0 short sword
(20, -30, D:1)
  a +0 club
(23, -12, D:1)
  a cursed +0 scale mail
(28, -24, D:1)
  a +0 club
(59, -49, D:1)
  a +0 dagger

Level 2 of the Dungeon
(0, 0, D:2)
  a -3 mace
(8, 16, D:2)
  a +0 club
(9, 21, D:2)
  a +0 buckler
(14, -11, D:2)
  a +0 chain mail
(15, -24, D:2)
  a +0 ring mail
(19, 22, D:2)
  a +0 club
(27, -17, D:2)
  a +0 short sword
(28, 15, D:2)
  a +0 dagger
(38, -3, D:2)
  19 arrows
(58, -17, D:2)
  a +0 dagger

Level 3 of the Dungeon
(0, 0, D:3)
  10 gold pieces
(2, 2, D:3)
  a tomahawk
(3, -2, D:3)
  a cursed -1 falchion
(3, 9, D:3)
  a +0 hunting sling
(4, 3, D:3)
  11 gold pieces
(20, 16, D:3)
  a +0 centaur barding
(21, 9, D:3)
  a +0 club
(22, 10, D:3)
  a +0 dagger
(23, 7, D:3)
  a +0 club
  a hobgoblin skeleton
(28, 15, D:3)
  a bat skeleton
(32, 15, D:3)
  a +0 whip
  a +0 leather armour
  a kobold corpse
  an orc corpse
(33, 15, D:3)
  a +0 short sword (still there?)
  a +0 dagger (still there?)
(40, 19, D:3)
  a bread ration

