Muizomp

Level 1 of the Dungeon
(0, 0, D:1)
  a +0 club
(0, 2, D:1)
  a +0 dagger
(1, -16, D:1)
  a +0 hand axe
(13, -2, D:1)
  a +0 club
(26, 12, D:1)
  a +0 club
(29, -20, D:1)
  a cursed -1 spear
(40, -4, D:1)
  a +0 dagger
(40, 22, D:1)
  a +0 plate armour

Level 2 of the Dungeon
(0, 0, D:2)
  a +0 dagger
(3, 8, D:2)
  a +0 robe
(4, 6, D:2)
  a +0 club
  a +0 club
(9, -20, D:2)
  a +0 ring mail
(15, 8, D:2)
  a +0 club
(18, -26, D:2)
  a cursed -2 club
(27, -29, D:2)
  a +0 dagger
(32, -6, D:2)
  a +0 club
(32, -4, D:2)
  a +0 short sword
(34, -22, D:2)
  a +0 leather armour

Level 3 of the Dungeon
(0, 0, D:3)
  a +0 mace
(8, -31, D:3)
  a +0 club
(8, -17, D:3)
  a +0 whip
(8, 0, D:3)
  a +0 club
(9, -32, D:3)
  a +0 scale mail
(10, -37, D:3)
  a +0 robe
(32, -56, D:3)
  a +0 dagger
(35, -12, D:3)
  a +0 leather armour
(36, -17, D:3)
  a +0 whip
  a +0 leather armour
(37, -17, D:3)
  a +0 short sword
(37, -16, D:3)
  a +0 war axe
  a +0 leather armour
(37, -15, D:3)
  a +0 hand axe
(40, -13, D:3)
  a +0 club
  a +0 leather armour
(46, -5, D:3)
  a cursed +0 whip
(54, -45, D:3)
  a +0 ring mail
(55, -12, D:3)
  a +0 dagger

Level 4 of the Dungeon
(0, 0, D:4)
  a +0 flail
(0, 1, D:4)
  a +0 dagger
  a +0 ring mail
(1, -1, D:4)
  a +0 trident
(19, 5, D:4)
  a +0 dagger
(31, 6, D:4)
  a +0 giant spiked club

Level 5 of the Dungeon
(0, 0, D:5)
  a +0 ring mail
(7, 19, D:5)
  a scroll of random uselessness
(22, 26, D:5)
  a +0 spear
(25, -8, D:5)
  a cursed -2 mace
(29, 38, D:5)
  a +0 scale mail
(32, -8, D:5)
  a cursed -3 short sword
(48, 37, D:5)
  a +0 dagger
(50, 5, D:5)
  a +0 battleaxe
(54, 17, D:5)
  a +0 leather armour
(54, 20, D:5)
  a +0 dagger
(55, 16, D:5)
  a cursed +0 ring mail
  a +0 hand axe
(55, 17, D:5)
  a +0 hand axe
(56, 16, D:5)
  a +0 leather armour
(57, 19, D:5)
  a +0 short sword

Level 6 of the Dungeon
(0, 0, D:6)
  a +0 robe
(2, -34, D:6)
  a +0 giant spiked club
(2, -24, D:6)
  a +0 dagger
  a +0 robe
(3, -24, D:6)
  a +0 dagger
  a +0 robe
(4, -26, D:6)
  a +0 short sword
  a +0 club
  a +0 leather armour
  a +0 mace
  a +0 leather armour
  a cursed +0 leather armour
  a +0 flail
  a +0 mace
(13, 7, D:6)
  a +0 halberd
(14, -29, D:6)
  a cursed -2 spear
(14, 4, D:6)
  a +0 club
(14, 6, D:6)
  a +0 spear
  a +0 trident
  a +0 scale mail
(14, 7, D:6)
  a +0 spear
(17, -32, D:6)
  a +0 whip
(19, -32, D:6)
  a +0 whip
(21, -28, D:6)
  a +0 short sword
(21, -27, D:6)
  a +0 scale mail
(22, -5, D:6)
  a +0 war axe
  a +0 leather armour
(23, -5, D:6)
  a +0 giant club
(38, -10, D:6)
  a +0 war axe

Level 7 of the Dungeon
(0, 0, D:7)
  a +0 flail
  an orc corpse
(0, 2, D:7)
  a +0 whip
  (unseen)
(1, 1, D:7)
  4 sling bullets
(6, 6, D:7)
  a sling bullet

the Ecumenical Temple

