                                       ###                     
                                       #.####                  
                                       #....#                  
                                       #.##.#                  
                                       #.#..#                  
                                       #.#.##                  
               ###########    ######## #.#.#              ###  
               #.........#### #......# #.#.#              #.#  
             ###.###≈###....###......###.#.######      ####.#  
             #...#.#≈#.#......+......+.#........#      #....#  
             #.###.#≈#.###..#.#......#.#.....###########.#.### 
  ############.....#≈#..........>....'.......##..........#...# 
  #............###.#≈#.###..##.......#...#......##########.### 
  #...^..........#.#≈#.#....##.##.##.#.#.#...#..#        #.####
  #..............###≈###..#....##....#...#...#..#        #....#
  #...........##..........#######..###.#.#......##       ###.##
  #...........###.##......#     #....#...#.......#         #.# 
###...........# #.........#     ##.#.#.#.###.#####     #####.# 
#....#'##...### ####......#      #.#.#...# ###         #.....# 
#.##.#.##.#.# ######......#   ####.#.#.>.#             ####### 
#.##.#.##.#.###...........#####....#.#...#                     
#>..............................######.#.######                
#########.................###.#.#.............#                
        #########'##......# #...#.............#                
                #.##......# #.#.#......<......#                
            #####.##......###.#.#.............#                
            #.....#####.......#.#.............#                
            #.###...###.#####...###############                
            #.......#...#  ####.......##                       
            ###.......###  #...######..#                       
              #.....#...####.#.#######.#                       
              #.........##.[........##.##                      
              #............#........##..#                      
         ######........(...#........###.#                      
        ##..........#......#..####'## #.##                     
        #.#...##...#.......####  #.#  #..#                     
        #..#..##..#........#     ###  ##.##                    
        #...#....#....†....#           #..#                    
        #....#..#.....#(####           ##.##                   
        #.##..##..##..#h#               #..#                   
        #.##..##..##(.(.#               ##.#                   
        #....#..#.....###                #.##                  
       ##...#....#...#########           #..#                  
       #...#..##..#..........#   ##########.#                  
       #..#...##...#.........#   #........#.#                  
       #.#..........#......g.#   #........#.##                 
       #.#####...............#   #........#..##                
       #..........##.........#   #........#.>.####             
       #######............#+#    #...............#             
             #####...#....#.##   #.###.÷###..###.#             
               #.....#....#..#   #.#.#..#....# ..#             
               #...#.#.......#####.#.#..###..###.#             
               ###...#.#####.....+...............#             
                #......+.#.'.#####.###..###..###.#             
                #......#####÷#####...#....#..#...#             
                #.####.+.#.'.......###..###..###.#             
                #......#####..###................#             
                ######.+r#.'..# #..#.#..###..###.##            
                     #.#####..# #..#.#..#.#..#.#..#            
                     #.+.#r+..# #..###..#.#..#.#..#            
                     #.#####..# #.................#            
                     #.+r#r+.## #............)....#            
                     #.#####.#  ###################            
                     #.[.....#                                 
                     #########                                 
