       ..  .g#####                        
       #.###.....#   .                    
.       ...#..>..#  ..                    
..       #.......##..#                    
...    ## #...........                    
....   ...#...........                    
.....   #.............                    
......######........<.#                   
......ggg)÷............                   
..#....g####.....#....#                   
#.....#.#  #.###......#                   
###.#.#.####.###......#                   
  # #....#...##.......                    
     .#......<#...#.#.                    
    .............##.#                     
    ###..........##.##     ###+###..      
      #........#......     #.....#..      
      #..........#####     #..#..#.#      
      ##.......###   #.....'.###.+..      
      #........#     #.....#..#..#.#      
     #.........#     #Z....#..÷..#.###    
     ..##.......#    Z.....###'###...#    
     # .........#    ..#...........#.##   
      .......^...    . .........#.....##  
     #...##.....##    ##........##.#...###
     #..# #......      #...........##....#
                       #.........####....#
                       #.######..#  ###..#
                       ..     #..#     ###
                              #..#        
