Qic Jid

Level 1 of the Dungeon
(0, 0, D:1)
  a +0 club
(9, -13, D:1)
  a +0 dagger
(9, 8, D:1)
  a +0 robe
(19, -5, D:1)
  a +0 mace

Level 2 of the Dungeon
(22, 23, D:2)
  a +0 club
(34, 17, D:2)
  a +0 club
(35, -3, D:2)
  a +0 dagger

Level 3 of the Dungeon
(0, 0, D:3)
  a +0 dagger
(0, 31, D:3)
  a +0 dagger
(7, 19, D:3)
  a +0 scale mail
(10, 31, D:3)
  a +0 ring mail
(13, 24, D:3)
  a +0 whip
(23, -11, D:3)
  a +0 dagger
(28, -8, D:3)
  a +0 hand axe
  a +0 flail
  a +0 ring mail
  a +0 war axe
  a +0 hand axe
  a +0 leather armour
(32, 40, D:3)
  a +0 spear
(33, 12, D:3)
  a +0 hand axe
(33, 40, D:3)
  a +0 halberd
  a +0 dagger
(34, -10, D:3)
  a +0 trident
(34, 40, D:3)
  a +0 club
(43, -9, D:3)
  a +0 club
(44, 22, D:3)
  a +0 robe
(45, 25, D:3)
  a +0 robe

Level 4 of the Dungeon
(0, 0, D:4)
  a +0 trident
(30, -40, D:4)
  a +0 flail
  a +0 leather armour
(31, -39, D:4)
  a +0 whip
  a +0 chain mail
(48, -32, D:4)
  a +0 trident
(50, -60, D:4)
  a +0 mace
  a +0 ring mail
(52, -50, D:4)
  a +0 scale mail

Level 5 of the Dungeon
(0, 0, D:5)
  a cursed +0 leather armour
(6, 53, D:5)
  a scroll of random uselessness

Level 6 of the Dungeon
(0, 0, D:6)
  a +0 mace
  a +0 chain mail
(0, 1, D:6)
  a +0 club
  a +0 flail
(13, -16, D:6)
  a +0 dagger
  a +0 animal skin
(29, 5, D:6)
  a +2 buckler
(31, 1, D:6)
  a +0 scale mail
(31, 2, D:6)
  a +0 hand axe
  a +0 leather armour
(32, 1, D:6)
  a +0 hand axe
  a +0 scale mail
  a +0 short sword
  a +0 leather armour
(32, 2, D:6)
  a +2 dagger of speed
  a +0 robe
  a +0 short sword
  a +0 dagger
  a cursed -1 mace
  a +0 leather armour
(33, 2, D:6)
  a cursed -2 flail
  a +0 chain mail
(39, 3, D:6)
  a +0 chain mail
(45, 12, D:6)
  a scroll of random uselessness
(47, -14, D:6)
  a +0 mace
(57, 7, D:6)
  a +0 short sword

Level 7 of the Dungeon
(0, 0, D:7)
  a +0 scimitar
  a +0 robe
(0, 1, D:7)
  a +0 robe
(1, 0, D:7)
  a +0 hand axe
  a +0 robe
(13, 12, D:7)
  a +0 falchion
(16, -5, D:7)
  a +1 flail
  a +0 robe
  a +4 mace
  a +0 robe
(17, -5, D:7)
  a +3 mace
  a cursed -2 robe
(17, 11, D:7)
  a +0 hand axe
  a +0 leather armour
(17, 13, D:7)
  a +0 shortbow
(18, -5, D:7)
  a +0 club
(24, 6, D:7)
  a +0 long sword
  a cursed +0 falchion
  a +0 hunting sling
  a scroll of amnesia
  a +0 hunting sling
  a +0 short sword
  a +0 spear
  a +0 hand axe
(28, -12, D:7)
  a +0 flail
  a +0 scale mail
(28, 19, D:7)
  a +0 scale mail
(28, 20, D:7)
  a +0 ring mail
  a +0 trident
(29, -12, D:7)
  a +0 scale mail
  a +0 hand axe
  a +0 falchion
  a +0 chain mail
  a +0 dire flail
  a +2 whip of venom
  a +0 leather armour
  a +0 flail
  a +0 chain mail
  a +0 hand axe
(29, 20, D:7)
  a +0 falchion
  a +0 whip
(29, 21, D:7)
  a +0 plate armour
  4 tomahawks of returning
  a cursed +0 hand axe
(39, 7, D:7)
  a +0 shortbow
(53, 11, D:7)
  a +0 spear

Level 8 of the Dungeon
(0, 0, D:8)
  a +1 leather armour of magic resistance
(9, 22, D:8)
  a book of Callings
(12, 14, D:8)
  a +0 dagger
  a +0 robe
  a +0 war axe
  a +0 club
  a cursed +0 leather armour
(18, 1, D:8)
  a +3 mace
  a +0 robe
(19, 1, D:8)
  a +0 halberd
  a +0 robe
(22, 1, D:8)
  a +0 ring mail
(24, 3, D:8)
  a +3 trident of freezing
  a +0 robe
(25, 4, D:8)
  a cursed +0 short sword
  a +0 robe
(26, 5, D:8)
  a +0 scimitar
  a +0 robe
(26, 21, D:8)
  a +2 naga barding
(33, 10, D:8)
  a +0 shortbow
(43, 14, D:8)
  a cursed +0 giant club
(43, 37, D:8)
  a +0 rapier

Level 9 of the Dungeon
(0, 0, D:9)
  a yak skeleton
  a jackal skeleton
(0, 1, D:9)
  a yak skeleton
(1, -6, D:9)
  a +0 troll leather armour
(1, -5, D:9)
  a cursed -2 giant spiked club
(1, 1, D:9)
  a yak skeleton
(2, -28, D:9)
  a +0 dagger
(2, -27, D:9)
  a +0 hand axe
(2, 0, D:9)
  a jackal skeleton
(6, 8, D:9)
  a sky beast corpse
(8, 7, D:9)
  a killer bee corpse
(9, 6, D:9)
  a queen bee corpse
(10, 6, D:9)
  a killer bee corpse
  a killer bee corpse
  a killer bee corpse
  a killer bee corpse
(11, 6, D:9)
  an inedible chunk of flesh
(11, 8, D:9)
  a royal jelly
(12, 5, D:9)
  a killer bee corpse
(12, 6, D:9)
  a royal jelly
(12, 7, D:9)
  a royal jelly
(12, 8, D:9)
  a killer bee corpse
(12, 12, D:9)
  a royal jelly
(13, 10, D:9)
  a royal jelly
(14, 9, D:9)
  a potion of curing
(15, 6, D:9)
  a royal jelly
(16, 7, D:9)
  a royal jelly
(16, 12, D:9)
  a royal jelly

the Ecumenical Temple

