Reruxaush

Level 1 of the Dungeon
(0, 0, D:1)
  a +0 dagger
(25, -19, D:1)
  a +0 club
(27, -20, D:1)
  a +0 club

Level 2 of the Dungeon
(11, -10, D:2)
  a +0 club
(36, 37, D:2)
  a +0 flail
(37, -11, D:2)
  a cursed -1 club
(38, 37, D:2)
  a +0 club
(39, 3, D:2)
  a +0 club
(53, 10, D:2)
  a cursed ring of loudness

Level 3 of the Dungeon
(0, 0, D:3)
  a +0 dagger
(6, 20, D:3)
  a +0 club
(28, 21, D:3)
  a +0 rapier
(35, 13, D:3)
  a +0 flail
(36, -9, D:3)
  a +0 chain mail
(36, 9, D:3)
  a +0 rapier
(36, 11, D:3)
  a +0 club
(51, 3, D:3)
  a +0 scale mail
(53, 36, D:3)
  a +0 dagger

Level 4 of the Dungeon
[Shop] Diluroir's Gadget Emporium
  a wand of paralysis (16/24) (252 gold)
  a disc of storms (280 gold)
  a wand of iceblast (9/15) (182 gold)
  a sack of spiders (280 gold)
  a wand of teleportation (3/9) (294 gold)
  a wand of polymorph (12/24) (196 gold)
  a phantom mirror (420 gold)
  a sack of spiders (280 gold)
  a sack of spiders (280 gold)
(11, 1, D:4)
  a +0 hand axe
  a +0 ring mail
(15, -8, D:4)
  a +0 flail
  a +0 club
  a cursed +0 leather armour
(16, -8, D:4)
  a +0 halberd of chopping
(17, 6, D:4)
  a +0 dagger
  a +0 robe
(19, 26, D:4)
  a +0 dagger
  a +0 scale mail
(20, 26, D:4)
  a +0 war axe
  a +0 whip
  a +0 dagger
(22, 28, D:4)
  a +0 hand axe
(26, 47, D:4)
  a +0 scale mail
(30, 6, D:4)
  11 gold pieces
(32, 14, D:4)
  a +0 giant club
(36, 38, D:4)
  a +0 leather armour
(36, 41, D:4)
  a cursed -3 falchion
  a cursed -1 short sword
(40, 7, D:4)
  a +0 club
  a +0 dagger
(40, 8, D:4)
  a +0 dagger
(40, 9, D:4)
  a +0 club
  a +0 dagger
(41, 9, D:4)
  a +0 club
  a +0 club
  a +0 animal skin
  a +0 helmet
  a +0 club
(50, 20, D:4)
  a +0 hand axe
(50, 21, D:4)
  a +0 dagger
  a +0 robe
(51, 20, D:4)
  a +0 dagger

Level 5 of the Dungeon
(13, 14, D:5)
  a +0 hand axe
(15, 26, D:5)
  a +0 ring mail
(22, 35, D:5)
  a cursed ring of loudness
(31, 38, D:5)
  a +0 flail
(32, -7, D:5)
  a +0 dagger
(32, 20, D:5)
  a cursed +0 ring mail
(37, -5, D:5)
  a +0 quarterstaff
(50, 10, D:5)
  a +0 spear
  a +0 war axe
  a +0 hand axe
  a +0 dagger
  a +0 dagger
  a +0 scale mail

Level 6 of the Dungeon
(0, 0, D:6)
  a +0 hand axe
(0, 1, D:6)
  a +0 short sword
  a +0 scale mail
(0, 34, D:6)
  a +0 hand axe
(1, 0, D:6)
  a +0 whip
  a +0 leather armour
(7, 22, D:6)
  a +0 chain mail
(15, -6, D:6)
  a +0 giant club
(18, -11, D:6)
  a +0 ring mail
(40, -6, D:6)
  a +0 hand axe
(43, 0, D:6)
  a +0 chain mail
(48, 42, D:6)
  a +0 scale mail
(54, 0, D:6)
  a +0 club
(54, 1, D:6)
  a +0 dagger
  a +0 robe
(57, 30, D:6)
  a +0 flail

Level 7 of the Dungeon
(0, 0, D:7)
  2 beef jerkies
(1, 0, D:7)
  7 slices of pizza
(1, 1, D:7)
  2 bread rations
(4, 4, D:7)
  a +0 giant spiked club
  an ogre skeleton
(14, 38, D:7)
  a +0 ring mail
(14, 39, D:7)
  a +0 dagger
  a +0 robe
(15, 41, D:7)
  a +0 shortbow
  a +0 chain mail
(19, 14, D:7)
  a +0 flail
  a +0 chain mail
(19, 38, D:7)
  a +0 flail
(20, 13, D:7)
  a +0 dagger
  a +0 robe
(22, 15, D:7)
  a +0 dagger
  a +0 robe
(25, 36, D:7)
  a +0 shortbow
  a +0 hand axe
(26, 32, D:7)
  a +0 club
  a +0 leather armour

