                  ##            
                   ..           
                 ###.#######   #
               #.#.........#  ..
        #####  #.# #.......##...
  ...........###.###............
  ............##................
 .......................<.......
 ...............................
  ..............................
   #........>...................
   #......##....................
######..........................
#....#...>...........#..........
#....##...##....................
#....#.....#................... 
#..........#...........#.#....  
#..........#.#................  
#..........#.................   
#..........#.............       
#........................       
######...................       
#........................       
#............###......##        
#......................         
#...........####                
######......#                   
  #.........#..                 
  #.............                
###.............                
#...............                
#.......#####...                
#.......#####...                
###.............                
#...#.........                  
#...#.........                  
#...#.........                  
#.............                  
#..............                 
####'#####.....                 
#........#.#...                 
#............. .                
#........#.###..                
#..............                 
#........#....                  
########.#.###                  
  #Z..pgZ..#                    
  #g####!#.#                    
  #.#  #.#.#                    
  #p#  Kpg .                    
  #.#  #Z..##                   
  #!#  ....#                    
###g####..##                    
#.pg.......                     
########.##                     
