Ozatror

Level 1 of the Dungeon
(5, -10, D:1)
  a +0 club
  a cursed +0 ring mail
(9, -16, D:1)
  a +0 club
(10, -27, D:1)
  a +0 dagger
(13, 3, D:1)
  a cursed -2 dagger
(36, 9, D:1)
  a +0 club
(41, 6, D:1)
  a +0 club

Level 2 of the Dungeon
(4, 10, D:2)
  a +0 naga barding
(11, 15, D:2)
  a +0 dagger
(23, 12, D:2)
  a +3 dagger of draining
(24, 14, D:2)
  a cursed +0 leather armour
(29, 15, D:2)
  a +0 dagger
(31, 10, D:2)
  a +0 ring mail
(40, 7, D:2)
  a +0 dagger
  a +0 robe
(45, -13, D:2)
  a +0 club
(48, 10, D:2)
  a +0 dagger

Level 3 of the Dungeon
(0, 0, D:3)
  a +0 robe
(1, -8, D:3)
  a +0 short sword
(19, -32, D:3)
  a +0 short sword
(19, -8, D:3)
  a cursed +0 chain mail
(23, -32, D:3)
  a +0 ring mail
(25, -32, D:3)
  a +0 dagger
(27, -22, D:3)
  a cursed +0 hand axe
(28, 10, D:3)
  a +0 dagger
  a +0 scale mail
(36, 0, D:3)
  a +0 club
(55, -18, D:3)
  a +0 whip
  a +0 scale mail
(56, -18, D:3)
  a +0 club
  a +0 leather armour

Level 4 of the Dungeon
(0, 0, D:4)
  a +0 dagger
(3, 15, D:4)
  a +0 leather armour
(13, 14, D:4)
  a +0 club
(28, 38, D:4)
  a +0 club
  a +0 ring mail
(31, 29, D:4)
  a +0 dagger
  a +0 robe
(31, 30, D:4)
  a +0 dagger
  a +0 robe
  a +0 dagger

Level 5 of the Dungeon
[Shop] Antaq's Book Boutique
  a book of Frost (525 gold)
  a book of Cantrips (300 gold)
  a book of Minor Magic (300 gold)
  a Young Poisoner's Handbook (600 gold)
  a book of Necromancy (450 gold)
  a book of Necromancy (450 gold)
  a book of Enchantments (750 gold)
  a book of Maledictions (375 gold)
(4, -24, D:5)
  a +0 dagger
  a cursed +0 robe
(4, -8, D:5)
  a +0 dagger
  a +0 giant spiked club
(5, -24, D:5)
  a +0 dagger
  a +0 robe
(6, -24, D:5)
  a +0 short sword
  a +0 leather armour
(18, -36, D:5)
  a +0 robe
(19, -15, D:5)
  a potion of degeneration
(23, -7, D:5)
  a +0 mace
(24, 1, D:5)
  a +0 dagger
(39, -9, D:5)
  a +0 scale mail

Level 6 of the Dungeon
(5, -28, D:6)
  a +0 chain mail
(23, 1, D:6)
  a +0 dagger
(25, 4, D:6)
  a +0 robe
(59, -36, D:6)
  a +0 blowgun
(65, -22, D:6)
  a +0 giant spiked club

Level 7 of the Dungeon
[Shop] Naarphyku's Distillery
  a potion of ambrosia (120 gold)
  a potion of brilliance (60 gold)
  a potion of agility (60 gold)
  a potion of curing (45 gold)
  a potion of invisibility (120 gold)
  a potion of haste (150 gold)
(0, 9, D:7)
  a +0 leather armour
(7, -2, D:7)
  a +0 giant club
(9, 7, D:7)
  a +1 helmet
(9, 14, D:7)
  a +0 robe
(19, -1, D:7)
  a +0 shortbow
(19, 2, D:7)
  a +0 plate armour

Level 9 of the Dungeon
[Shop] Pulyjyvu's Jewellery Shop
  the ring of Sabluw {rF+ MR++ Str+4 Dex-5 Stlth+} (534 gold)
    [ring of protection from fire]
    
    It affects your strength (+4).
    It affects your dexterity (-5).
    It protects you from fire.
    It affects your resistance to hostile enchantments.
    It makes you more stealthy.
  an uncursed amulet of guardian spirit (390 gold)
  a cursed ring of teleportation (58 gold)
  a +3 ring of intelligence (204 gold)
  an uncursed ring of protection from magic (325 gold)
  an uncursed ring of ice (325 gold)
  an uncursed ring of protection from cold (325 gold)
  a +4 ring of slaying (1014 gold)
  an uncursed ring of protection from magic (325 gold)
  a cursed ring of teleportation (58 gold)
  the amulet of Ysakamir {Spirit rC+ Int+2 SInv} (681 gold)
    [amulet of guardian spirit]
    
    It causes incoming damage to be split between your health and magic.
    It affects your intelligence (+2).
    It protects you from cold.
    It lets you see invisible.
  an uncursed ring of protection from magic (325 gold)
(0, 0, D:9)
  a +0 shortbow
(3, -7, D:9)
  a +0 quarterstaff
(6, 1, D:9)
  a +0 shortbow
(24, 10, D:9)
  a +0 leather armour
(30, 23, D:9)
  a +0 club
(39, 4, D:9)
  a +0 helmet
(45, -5, D:9)
  a +0 shortbow
(47, 7, D:9)
  a cursed +0 ring mail
(47, 8, D:9)
  a +0 mace
  a +0 ring mail
  a +0 mace
(47, 9, D:9)
  a +0 dagger
(48, -14, D:9)
  2 scrolls of random uselessness
  a -3 ring of strength
  a +0 robe
  63 sling bullets
  a +0 trident
  71 bolts
  a +0 hand axe
  a +0 spear
  a +0 halberd
  a +0 shortbow
(51, 10, D:9)
  a +0 robe
  a +0 chain mail
  a +0 dagger
(59, 11, D:9)
  a potion of degeneration

Level 10 of the Dungeon
(6, -53, D:10)
  a +2 dagger of draining
(6, -52, D:10)
  a cursed -2 whip
(7, -53, D:10)
  a +0 whip
(7, -52, D:10)
  a +0 short sword
(8, -51, D:10)
  a +0 short sword
(9, -50, D:10)
  a +0 short sword
(11, -28, D:10)
  a +0 hat
(12, -40, D:10)
  a stone
(12, -17, D:10)
  a +0 dagger
  a +0 robe
(13, -19, D:10)
  a +0 chain mail
(13, -17, D:10)
  a +0 dagger
  a +0 robe
(15, -19, D:10)
  a +0 club
(17, -9, D:10)
  a +0 short sword

the Ecumenical Temple

Level 1 of the Orcish Mines
(0, 0, Orc:1)
  4 large rocks
  a +0 hand axe
  a +0 leather armour
  an orc skeleton
(0, 1, Orc:1)
  a +3 dagger of draining
  a +0 robe
  a +0 club
  a +0 mace
  a +0 plate armour
  a +0 mace
(1, 1, Orc:1)
  a +0 giant club
  an ogre corpse (skeletalised by now)
(1, 3, Orc:1)
  26 gold pieces
(2, 3, Orc:1)
  a tomahawk
(2, 4, Orc:1)
  16 gold pieces
(4, 3, Orc:1)
  a tomahawk
(5, -6, Orc:1)
  16 gold pieces
(5, 3, Orc:1)
  a tomahawk
(7, 4, Orc:1)
  3 tomahawks
(7, 7, Orc:1)
  21 gold pieces

