               ###########         
               #.........#         
               #.#######.#         
  #####        #.# #####.###       
  #...#   ######.###....)..#       
  #.#.#   #..........###.#.#       
  #.#.#   #.####...### #.#.#       
  #.#.#####.# #.....#  #.#.#       
  #.........# ##...#####.#.#       
  #...#######  #.........#.#       
  #...#        ##.########.###     
  #...#         ###...###....#     
  #...#         #E#...#E##.#.#     
 ##.#.#####   #####...####.#.###   
 #.###....#  ##..........#....<#   
 ##.#.#.#.# ##......_..........##  
   #.....)###............#......## 
   #......{zz...###...###..........
####......###.!(#E#...#E#.>.....###
#.........# #...###...###.#.#####  
#........[# #.#.....### #.###      
#.........# #.##...##   #.#        
####....#####.# #+##    #.#        
   #..........# #.#     #.#        
   #...######## #.#     #.#        
   #...#       ##.##    #.#        
####...####   ##...##   #.#        
#.........#####.....#####.#        
#<.^.........###...#......#        
#.........##.# ##.##.######        
####...#####.####.##.#             
   #...#   #.........#             
   #...#   ######.####             
   #####        #.#                
                #.#                
                #.#                
                #.#                
                ...                
                #..                
                                   
                                   
                                   
                                   
                                   
                                   
                                   
                                   
                                   
                                   
                                   
                                   
                                   
