Okkecvug

Level 1 of the Dungeon
(3, 21, D:1)
  a +0 club
(4, 3, D:1)
  a +0 dagger
(10, 11, D:1)
  a +0 whip
(15, 20, D:1)
  a +0 whip
(29, 2, D:1)
  a cursed -2 club
(44, 9, D:1)
  a +0 buckler
(45, 24, D:1)
  a +0 dagger
(46, 23, D:1)
  a +0 club

Level 2 of the Dungeon
(2, -15, D:2)
  a +0 robe
(2, 19, D:2)
  a +0 whip
(5, 5, D:2)
  a +0 club
(6, 5, D:2)
  a +0 club
(11, 18, D:2)
  a +0 spear
(12, -2, D:2)
  a +0 scale mail
(13, 7, D:2)
  a cursed -2 dagger
(16, 2, D:2)
  a +0 quarterstaff
(18, 17, D:2)
  a +0 whip
(19, 16, D:2)
  a cursed -2 club
(21, 11, D:2)
  a kobold corpse
(21, 19, D:2)
  a +0 short sword
(25, -12, D:2)
  a +0 short sword
(26, -11, D:2)
  a +0 club
(29, 4, D:2)
  a +0 dagger
(29, 14, D:2)
  a cursed -1 dagger
  a +0 hunting sling
(29, 15, D:2)
  a +0 short sword
(30, -3, D:2)
  a +0 robe
(31, -13, D:2)
  a +0 robe
(34, 2, D:2)
  a +0 hand axe
(36, 3, D:2)
  a +0 hand axe
(36, 4, D:2)
  a +0 club
(39, -2, D:2)
  a worm corpse
(39, 3, D:2)
  a cursed -1 hunting sling
(40, -16, D:2)
  6 large rocks
(40, -10, D:2)
  a +0 robe
(41, -1, D:2)
  a rat corpse
(42, -14, D:2)
  a +0 whip
(44, -8, D:2)
  a +0 leather armour

