#############                          
#.......)...#                          
#.......)<..#                          
#...........#                          
#...........+                          
#...........#                          
######'######                          
     #.###                             
     #...##                            
     ###..#                            
       ##.##                           
        #..#                           
  #   ####'##                          
  #.  #.....#                          
  #.###.#.#.#                          
   ...#.#.#.#                          
    #.#.#.#.#                          
    #.....#..                          
    ##'######                          
     #...##                            
     ###..#                            
#########'####                         
#............#                         
#......[.....#                         
#......).....#                         
#............#                         
#............#                         
#............#                         
#............#                         
#.....÷.÷....+                         
#.....÷÷.....#                         
##..##########                         
 ##.....####                           
 #.........#     ####+##               
 #......>..# ####.†.....               
 #.........# #.yy%y..%..               
 #.........###†##.yy..%.               
 #........yy†.y# yy.....               
 #.....>..y##### y..!...               
 #.........#     ..%....               
 #.........#     .......               
 #.........#     .%...%.               
 ####+######     ####+##               
