Georaori

Level 1 of the Dungeon
(0, 0, D:1)
  a +0 club
(3, 11, D:1)
  a +0 dagger
(11, 1, D:1)
  a +0 dagger
(13, 0, D:1)
  a +0 dagger
(22, 26, D:1)
  a +0 mace
(30, -5, D:1)
  a +0 club
(31, 45, D:1)
  a +0 club
(31, 46, D:1)
  a +0 whip

Level 2 of the Dungeon
(0, 0, D:2)
  a +0 club
(5, 16, D:2)
  a +0 leather armour
(23, 11, D:2)
  a +0 club
(39, 10, D:2)
  a +0 robe

Level 3 of the Dungeon
(0, 0, D:3)
  a +0 robe
(3, 36, D:3)
  a +4 quarterstaff of chaos
(8, 28, D:3)
  a +0 club
(21, 36, D:3)
  a +0 club
(23, 26, D:3)
  a +0 club
(24, 26, D:3)
  a +0 robe
  a +0 dagger
(24, 27, D:3)
  a +0 leather armour
  a +0 club
(25, 26, D:3)
  a +0 hand axe
(27, 5, D:3)
  a +0 short sword
(27, 14, D:3)
  a +0 short sword
(30, 48, D:3)
  a +0 hunting sling
(42, 22, D:3)
  a +0 hand axe
(44, 27, D:3)
  a +0 hand axe
  a +0 leather armour
(50, 3, D:3)
  a +0 club

Level 4 of the Dungeon
[Shop] Seraij's Jewellery Shop
  a ring of the Octopus King {AC+1 EV+1 Str+1 Int+1 Dex+1 Stlth+} (392 gold)
    [ring of stealth]
    
    It affects your AC (+1).
    It affects your evasion (+1).
    It affects your strength (+1).
    It affects your intelligence (+1).
    It affects your dexterity (+1).
    It makes you more stealthy.
  an uncursed ring of fire (250 gold)
  an uncursed ring of wizardry (300 gold)
  an uncursed ring of see invisible (150 gold)
  a cursed amulet of inaccuracy (20 gold)
  an uncursed amulet of magic regeneration (300 gold)
  a +3 ring of intelligence (157 gold)
  an uncursed ring of magical power (200 gold)
  an uncursed ring of protection from fire (250 gold)
  a cursed ring of teleportation (45 gold)
(0, 0, D:4)
  a +0 leather armour
(8, 30, D:4)
  a cursed -2 club
(29, 8, D:4)
  a +0 war axe
  a +0 leather armour
(36, 13, D:4)
  a +0 robe
(49, -14, D:4)
  a +0 giant club

Level 5 of the Dungeon
(0, 0, D:5)
  a +0 giant club
(12, -20, D:5)
  a +0 trident
(15, -8, D:5)
  35 poisoned needles
(23, -31, D:5)
  a +0 robe of the Archmagi
(25, -34, D:5)
  a cursed +0 ring mail
(25, -3, D:5)
  a +0 robe
(29, -18, D:5)
  a +0 leather armour
(35, 9, D:5)
  a +0 flail
(42, -15, D:5)
  a +0 war axe
(52, 13, D:5)
  a +0 leather armour
  a +0 mace
  a +0 robe
  a +0 club

Level 6 of the Dungeon
(2, 11, D:6)
  a +0 ring mail
(21, -19, D:6)
  a +0 dagger
(22, -17, D:6)
  a +0 war axe
(24, -2, D:6)
  a +0 giant club
(38, -15, D:6)
  a +0 giant club
(53, -2, D:6)
  a +0 ring mail

Level 7 of the Dungeon
(0, 0, D:7)
  a +0 giant club
(15, -17, D:7)
  a +0 leather armour
(18, -16, D:7)
  a +0 trident
  a +0 chain mail
(20, -13, D:7)
  a scroll of noise
(35, 13, D:7)
  a +0 quarterstaff
(43, -48, D:7)
  a -3 lightning rod (14/14)
  a +0 short sword
  a +0 blowgun
  a +0 mace
  a +0 hunting sling
  a +0 short sword
  2 scrolls of random uselessness
  a +0 scale mail
(53, -28, D:7)
  a +0 mace
  a cursed +0 ring mail
  a +0 dagger
  a +0 robe
  a +0 whip
(53, -19, D:7)
  a +0 dagger
  a +0 robe
(58, 1, D:7)
  a +0 hand axe
  a +0 leather armour
(58, 2, D:7)
  a +0 dagger
  a +0 robe
  a +0 dagger
(62, -1, D:7)
  a +0 club

Level 8 of the Dungeon
(0, 0, D:8)
  a +0 war axe
(5, 22, D:8)
  an uncursed ring of magical power
  a +1 robe of fire resistance
  a +1 mace of protection
  a +0 cloak
  a +0 short sword
  34 bolts
  a +0 dagger of freezing
  a +0 scimitar
(14, 34, D:8)
  a +0 leather armour
(15, 3, D:8)
  20 poisoned needles
(15, 34, D:8)
  a cursed -1 dagger
  a +0 short sword
  a +0 ring mail
  a +0 mace
  a +0 scale mail
(22, 17, D:8)
  a scroll of remove curse
(24, 32, D:8)
  a +0 dagger
  a +0 robe
(26, 23, D:8)
  a +0 leather armour
(28, 6, D:8)
  a +0 dagger
  a +0 robe
(29, 6, D:8)
  a +0 flail
  a +0 short sword
  a +0 ring mail
(31, 9, D:8)
  a +0 leather armour
(33, 34, D:8)
  a +0 hand axe
(34, 34, D:8)
  a +0 battleaxe
  a +0 plate armour
  a +0 trident
(35, 36, D:8)
  a +0 leather armour

Level 9 of the Dungeon
(0, 0, D:9)
  a +0 hand axe
(2, -1, D:9)
  a cursed -2 leather armour
  a +0 troll leather armour
(3, -4, D:9)
  a +0 spear
(4, -5, D:9)
  a +0 falchion
  a +0 ring mail
  a +0 flail
  a +0 chain mail
  a +0 dagger
  a +0 giant spiked club
  a +0 flail
  a +0 chain mail
  a cursed -1 club
  a +0 giant club
  a +0 giant club
  a +0 spear
  a +0 ring mail
  an orc skeleton
  an inedible chunk of flesh
  an inedible chunk of flesh
  a big kobold skeleton
(4, -1, D:9)
  a big kobold corpse
(5, -3, D:9)
  a +0 mace
  a +0 chain mail
(9, 1, D:9)
  a +0 arbalest
(9, 4, D:9)
  a bread ration
(9, 18, D:9)
  a +0 rapier
(10, 3, D:9)
  8 javelins
(10, 8, D:9)
  a lamp of fire
(11, 3, D:9)
  a +4 flail of protection
(11, 8, D:9)
  a wand of flame (30/48)
(12, 5, D:9)
  a slice of pizza

Level 11 of the Dungeon
(0, 0, D:11)
  a +0 shortbow
(2, 27, D:11)
  a +0 dagger of speed
  a +0 long sword
  a +0 hunting sling
  a +0 cloak
(4, -9, D:11)
  a +0 mace
  a +0 mace
(4, -8, D:11)
  a cursed +0 club
(9, -2, D:11)
  a cursed -2 dagger
(36, -5, D:11)
  17 bolts
(36, 2, D:11)
  20 gold pieces
(37, -10, D:11)
  a +1 dagger of draining
  a +0 leather armour

the Ecumenical Temple

