....K..........                                
...............                                
...............                                
........)......                                
....o..........                                
.....$.........      ...                       
>..o....b......     .....                      
......o(o......    .......#####                
......o..$.....    .......#...#                
.........l.....    .......#...#                
...............    ..........<#                
...............    .......#...#  ######        
.............K.    .........).###......        
...............    ....................        
.....>..)......    .......)...###......        
                   ........)..###......        
                   ........#.....#      ##     
                   ........#.###.#      .#     
                   ........#.# #.#      .#  ###
                   ........#.# #.#######.#.....
                   #.#####.#.# #.>...o)......# 
                   #.    [.#.# #########...#.# 
                         ###.#          ##.....
                           ..              #..#
                                             %.
                                              .
