                       ########                            
                      ##......##                           
                     ##........##                          
                     #..........#                          
                     #..........#                          
                     #......._..#                          
                     #..........#                          
                     #..........#                          
                     ##........##########                  
                     ##........###......#                  
            ######   #..<)......##......#                  
            #....#   #..................# ##########       
            #....#####......)...####.#### #........#       
            #....#..............##...#    #........#       
  ###########.####)###..........##.########........#       
 ##...##...##.# #..####........................)...#       
##..........#.###.###.........####.########........#       
#.....................###)#.###  #.#      #........#       
#.............######### #)#..#   #.#      #........###     
#.............#         #......# #.#      ######.....#     
##............#         .......###.#####       #####.#     
 ##...##.....##        #.#.............#           #.#     
  #########.##    ##   #.#.....###.###.###         #.#     
          #.#    ..    .. ###### #.# #...#####    ##.#     
     ######.#    .#    #.#       #.# ###.#...#    #..#     
     #...##.# ###.#    ...#      #.#   #.....#   ##.##     
     #.).##.###...###  ....#######.#####.....#   #..#      
     #...#...........  ..................#...#####.####    
     #..........###     .#....####.#######...##...÷...##   
     #....÷.##..##      .##....###.#     #####.........##  
     #....).##...###   #.# #....##.####     #...........#  
     #......##.#...#####.# ####.......###   #...........#  
     #...#.[.#>###....##.###  ###..##...##  #.....<.....#  
     #####.)...#.......[...#    #..####..#####.........##  
         #.[.....####......#    ####  ##..........#...##   
         ##..##..#  #.###..##          #.<.>.....######    
          #.o.##.# ##.###...#########  #.........#         
          #.#o...###...##...........## ####..#####         
          #.#o#......_......#######..#### #..##            
          ..#.##..##...###.##     ##....###...#            
          ..#.##..###.## #.##      ####..#..#.#            
          #.#.....###.#  #..##        ##...##.##           
            ###.......####...#####     ##...#..#####       
              ##...........#.....#######..#........##      
               ###.##.#########..........####.####..#######
                 #.##.#       #.......)..#  #...###.......#
                 #..#.#       #..........#  ###..##.......#
                 ##...#       #..........#    ##..........#
                   ####       #..........#     ###..>.....#
                              #..........#       #........#
                              #..........#       ##.......#
                              #.......########    ###.....#
                              ##########.#.#.###### #.....#
                                     ##.⌠.#.⌠.#...###.....#
                                    ##[#.#.#.#.#.#.##.#####
                                    #...#.⌠.#.⌠.#.⌠.#.#    
                                    #⌠.⌠.#.#.#.#.#..+.#    
                                    #._...#[⌠.#.⌠.#.+.#    
                                    #⌠.⌠.#.#.#.#.#..+.#    
                                    #...#.⌠.#.⌠.#.⌠.###    
                                    ##.#.#.#.#.#.#.##      
                                     ##.⌠.#.⌠.#...##       
                                      ##.#.#.######        
                                       #######             
