                                       ##...## 
                                      ##.....##
                                    # #....F..#
                                     .#.......#
                                     ....@.... 
                                       #.....# 
                                      ##..?..##
                                      #.....(.#
                                      #.....§.#
                                      #.#.#.((#
                                      #..∩...##
                                      ###.#.## 
                                        #...#  
.. .........<..%                        #####  
... ............                               
.... ......)....                               
 ...##.........#                               
   ......)$....#                               
 ####..........#                               
 #..........$...                               
 #...§#.......$.                               
 #.......#.....#                               
 #....#### #####                               
 #Mee.#                                        
 #..h.#                                        
 #....#                                        
 ######                                        
