                                              ##*                           
                                              #.*                           
                                              #.#                           
                                              #.#                           
                                              #.#                           
                 #####   #######    ######### #.#####                       
           #######...#   #.....#    #.......# #.....#                       
           #.....#...#   #.....#    #.......###.....# *####                 
        ####..#......#####.....######.........#.....###...###*              
***######....#_#..........................................'.>*              
*,,...........#..#.................##...........#.........##.####           
****#####........#.................###..........'...(...........#           
     #........[....................# #..........#......######.#.#           
     #......#......................###..........#.....)......_..#           
     #......+..............................[....#...........#.###           
     #......#......##...##...........)..........#.............#             
  ####......##'#.....#####............).........#.............#             
  #.........##.#.#.#######......................####[.........#             
  ####......................................#'#.........####..#########     
     ##..>..............................................[.............#     
      #............###......................#.###.##....###...#######.#     
      #............#.........................####.####..###...#     #.#     
      #............#......................####.......##...#...#     #.#     
      #............+..............#######.###......§§.##..##..#     #.#     
     ####..........#......##......## #....[#......§§ww.#......#     #.#     
     #.......#+##..####.[.##.......# #.....#....###§§..#......#     #.#     
     #....................##.......# #.....#...##y##.†.#......#     #.#     
     #......%#+##........###.......# #.....#....###....#..##..#     #.#     
     #..........#........# #.......# #.....##.........##......#     #.#     
     #..........#........# #)......###.....##.).._....######..#######.#     
     #..........#.......######'#............##..)..).##...............#     
     #.......#.................#.........)#..###)..###....##..#########     
     #.......#...))..........#.##.........#...#######.....###.#             
     #########...............#............##..............# #.############# 
     #.....###.#####.....)..............#.##..............# #>............# 
     #..................................#.##..............# #.############# 
     #.....#............................#.##..............###.#             
     #.....#.###........#...##.........<'.#....####...........#             
     #.....#.# #.....#'##........†......#.#....## ###+#######.####          
     #.....#.# #.....#.##...............#.......#  ##............#          
     ##......###.......##..........##...........####......###.##.##         
      #.......####.....##..........##....).........'......+......<#         
      #................##..........##....)...#..####......######.##         
      #........................)#####......................#   #.#          
     ##.......................).####.......................##  #.#          
     #.................)...##..........##...................####.#          
     #........)...........####..⌠)⌠....##..##...............#.##.#          
     #....................#≈_##.._.....###.###+####.......#.#.##.#          
     #....................#*,*#.⌠.⌠....# #.# *,*  #.......#...##.#          
     #........####.........+,*#........# #.# ***  #.......#.#.##.##         
     #........#  ###########,*#........###.#      #.......#.......#         
     ##########           *≈_*#............#      #.......#.#..#..#         
                          ****##'###########      #.......#.#..#..#         
                               #.#                #########.#..#..#         
                               #.#                        ###.....#         
                               #.#                          #..#..##########
                               #.#                          #..............#
                            ####.#                          ####.<##########
                            #....#                             #.##         
                            ####.#                             #.#          
                               #.#                             ###          
                               #.#                                          
                               ###                                          
