             #+         
            ##.##       
        #####...########
        ............... 
        ............... 
       #################
       #≈§§≈≈≈§<≈≈≈≈≈≈≈#
       #≈≈≈≈≈≈≈.≈≈§§≈§≈#
       #≈≈≈≈.....§.§≈≈≈#
       #≈≈...§.......§≈#
       #≈.............≈#
       #≈.............≈#
       ###..8.###.8..###
       #K#...........#g#
       #######'''#######
         #...........#  
       . #...........#  
       ..###.......###  
       ....##'''''##... 
       ...............# 
       .........###.### 
       ##.####.##  ...  
    #.#      #.#    ### 
    #.#      #.#        
#   #.#     ##'##       
 .###.#    ##...##      
  .....   ##.....##     
  ##..#  ##.......##    
 ##...####.........#    
 #.......'.........+    
 ##...####.........#    
  ##..#  ##.......##    
   ##.#   ##.....##     
   #..#    ##...##      
   #.##     ##+##       
   #.#                  
   #.#                  
   #.#                  
   #.#                  
   #.#                  
   #.#     #            
   #.#####.###.#        
   #.gg........#        
   #######......        
           ###.#        
