               ≈≈≈≈..≈...≈≈≈≈≈≈≈                                      
              ≈≈≈≈......≈≈≈≈≈≈≈≈≈                                     
              ≈≈≈..≈...≈≈≈≈≈≈≈≈≈≈≈..                                  
              ≈≈≈≈......≈≈....≈≈≈≈.≈≈                                 
              ≈≈≈≈...##..≈..?.≈..≈≈≈≈...                              
             ≈≈≈≈≈......≈≈≈...≈.≈≈≈.......≈≈                          
            ≈≈≈≈≈≈≈≈.....≈...≈≈≈≈≈........≈≈                          
           ≈≈≈≈≈≈≈≈≈........≈≈...≈.........≈≈                         
          ≈≈≈≈≈≈≈≈≈≈≈.##..≈≈≈........≈....#..                         
         ≈≈≈≈≈≈≈≈≈≈≈≈...≈≈≈≈.......##≈≈....#                          
     ≈≈≈≈≈≈≈≈≈≈≈≈≈≈.≈...≈≈..≈......#..≈..≈.#                          
     ≈≈≈≈≈≈≈≈≈≈≈≈≈.....≈≈≈.≈≈.[.≈....≈≈...>#                          
     ≈≈≈≈≈≈≈≈≈≈≈≈≈≈.≈≈≈≈≈≈≈P≈≈P≈≈≈...≈≈≈...##                         
     ≈≈≈≈≈≈≈≈≈≈≈≈≈≈≈≈≈≈≈≈≈≈≈≈≈..P.≈...≈≈....#                         
     ≈≈≈..≈≈≈......≈≈≈≈≈≈≈≈≈≈..PP≈≈..≈≈≈....#                         
     ≈≈≈≈≈≈≈≈≈..≈≈≈≈≈≈≈≈≈≈≈≈P.P≈≈PP..≈.....##                         
     ≈.≈≈≈≈≈.≈≈.≈≈≈≈≈≈≈≈≈≈≈≈≈..............#                          
     ≈≈≈≈≈≈≈≈≈≈≈≈≈≈≈≈≈≈≈≈≈≈≈≈≈..P......≈...###                        
     ≈≈≈≈≈≈≈.≈≈≈≈≈≈≈≈≈≈≈≈≈≈≈P.P.........≈≈....                        
     ≈≈≈≈≈≈≈≈≈≈≈≈≈≈≈≈≈≈≈≈≈≈≈...........≈≈.≈...                        
     ≈≈≈≈≈≈≈≈≈≈≈≈≈≈≈≈≈≈≈≈≈≈≈..≈...##...≈≈≈..≈≈≈                       
     ≈≈≈≈≈≈≈.≈≈≈≈≈≈≈≈≈≈≈≈≈≈≈..≈≈.##...≈≈≈≈≈≈≈≈≈                       
     ≈≈≈≈≈.....≈≈≈≈≈.≈≈≈≈≈....≈≈≈..<..≈≈≈≈≈≈≈≈                        
     ≈≈≈≈≈..##.≈≈≈≈≈.≈≈≈≈≈..##...)..≈≈≈.≈≈≈≈≈≈                        
     ≈≈≈≈≈.##.≈≈≈≈≈≈..≈≈≈≈   ##..≈≈.≈≈≈≈≈≈≈≈≈≈                        
     ≈≈≈≈≈≈≈≈≈≈≈≈≈>≈.≈≈≈≈≈.   #..≈..≈≈≈≈≈≈≈≈≈≈                        
     ≈≈≈≈≈≈.≈≈≈≈≈..≈≈≈≈≈≈≈.   #....≈≈.≈≈≈≈≈≈≈≈   ...≈≈≈≈≈≈≈≈≈         
     ≈≈≈≈≈≈..........≈≈≈≈..   ####....≈≈≈≈≈≈≈≈    ..≈≈≈≈≈≈≈≈≈         
     ≈≈≈≈≈≈≈≈.##...#.≈≈≈..     #####.≈≈≈≈≈≈≈≈..   #.$≈≈≈≈≈≈≈≈         
     ≈≈≈≈≈≈≈≈.##..###≈≈.##    ##.....≈≈≈≈≈≈≈≈.#####..≈≈≈≈≈≈≈≈         
        ≈≈≈≈.......##...#     #.....≈≈≈≈≈≈≈≈≈.........≈≈≈≈≈≈≈         
        ≈≈≈≈≈≈.........##    ##.....≈≈≈≈≈≈............≈≈≈≈≈≈≈         
        ≈≈≈≈≈≈≈>.......##    #......≈≈≈.##.............≈≈≈≈≈≈         
        ≈≈≈≈≈≈≈≈........#    #.##...≈≈.##...........(.m≈≈≈≈..         
        ≈≈≈≈≈≈≈≈≈≈≈≈....##   ##.##.≈≈≈.............k...≈≈≈..#         
        ≈≈≈≈≈≈≈≈≈≈≈≈≈≈...#####.....≈≈≈≈.......(...(....≈≈..##         
        ≈≈≈≈≈≈≈≈≈≈≈≈≈≈≈.....#..≈≈≈≈≈.≈≈..≈..............≈..#          
        ≈≈≈≈≈≈≈≈≈≈≈≈≈≈≈≈≈...)≈≈≈)≈≈≈≈≈≈.......#mkc.........#          
   ≈≈≈≈≈≈≈≈≈≈≈≈≈≈≈≈≈≈≈≈≈≈...)≈≈≈≈≈≈≈≈≈≈≈....##.(.#.....≈≈≈..#         
   ≈≈≈≈≈≈≈≈≈≈≈≈≈≈≈≈≈≈≈≈≈≈≈≈≈≈≈≈≈≈≈..≈≈≈.....##∩##.....≈≈≈≈...         
  ≈≈≈≈≈≈≈≈≈.≈≈.....≈≈≈≈≈≈≈≈≈≈≈≈≈≈≈≈≈≈≈≈....#...##(....≈≈≈≈≈..         
#≈≈≈≈≈≈≈≈≈..........≈(≈≈≈≈≈≈≈≈≈≈≈≈≈≈≈≈≈..P....#.....PP≈≈≈≈            
#≈≈≈≈≈≈≈≈≈.# #..../.≈.≈≈≈≈≈≈≈≈≈≈≈≈≈≈≈≈≈....(........P≈≈≈≈≈            
#≈≈≈≈≈.≈≈≈.# #....#.≈≈≈≈≈≈≈≈≈≈≈≈≈≈≈≈≈≈≈P..........P  P≈               
#≈≈≈≈≈≈≈≈..###.≈≈≈##≈≈≈≈≈≈≈≈≈≈≈≈≈≈≈≈≈P≈P..)......P.   ≈               
#≈≈≈≈≈≈≈..)..##≈≈≈...≈≈≈≈≈≈≈≈≈≈≈≈≈≈≈≈≈≈≈≈..%......≈≈                  
#≈≈≈≈≈≈≈.....##....#......≈≈≈≈≈≈≈≈≈≈≈≈≈≈≈P....P...≈≈P                 
#≈≈≈≈≈≈..........###....≈≈≈≈≈≈≈  ≈≈≈≈≈≈≈P≈.......≈≈                   
#≈≈≈≈≈≈......##...##....≈≈≈≈≈≈     ≈≈≈≈≈≈≈P........                   
#≈≈≈≈..##########........≈.≈≈≈      ≈≈P≈≈..####..?.                   
#≈≈≈≈..##       ##≈.......≈≈≈≈      ..###..    ....                   
#≈≈≈≈...##    ###...≈≈.≈≈≈≈≈≈≈                                        
#≈≈≈≈≈...#  ###....≈≈≈≈≈≈.≈≈≈≈                                        
#≈≈≈≈≈≈..####....≈≈≈≈≈≈≈≈≈≈≈≈≈                                        
#≈≈≈≈≈≈≈.....≈≈≈≈≈≈≈≈≈≈≈≈≈≈≈≈≈                                        
#≈≈≈≈≈≈≈≈...≈≈≈≈≈≈≈≈≈≈≈≈≈≈≈≈≈≈                                        
#≈≈≈≈≈≈≈≈...≈≈≈≈≈≈≈≈≈≈≈≈≈≈≈≈≈≈                                        
#≈≈≈≈≈≈≈≈≈≈≈≈≈≈≈≈≈≈≈≈≈≈≈≈≈≈≈≈≈                                        
#≈≈≈≈≈≈≈≈≈≈≈≈≈≈≈≈≈≈≈≈≈≈≈≈≈≈≈≈≈                                        
 ≈≈≈≈≈≈≈≈≈≈≈≈≈≈≈≈≈≈≈≈≈≈≈≈                                             
 ≈≈≈≈≈≈≈≈≈≈≈≈≈≈≈≈≈≈≈≈≈                                                
  ≈≈≈≈≈≈≈≈≈≈≈≈≈≈≈≈≈≈≈                                                 
   ≈≈≈≈≈≈≈≈≈≈≈≈≈≈≈                                                    
