Godduts

Level 1 of the Dungeon
(0, 0, D:1)
  a +0 club
(1, 7, D:1)
  a +0 club
(7, 5, D:1)
  a +0 club
(9, 29, D:1)
  a +0 club
(17, 25, D:1)
  a +0 leather armour
(22, -1, D:1)
  a +0 leather armour
(22, 0, D:1)
  a +0 club
(33, 17, D:1)
  a cursed +0 club

Level 2 of the Dungeon
(0, 0, D:2)
  a +0 leather armour
(13, 4, D:2)
  a +0 robe
(16, 24, D:2)
  a +0 club
(34, 26, D:2)
  a +0 dagger
  a +0 dagger
(35, -1, D:2)
  a +0 dagger
  a +0 animal skin
(35, 26, D:2)
  a +0 club

Level 3 of the Dungeon
(2, 13, D:3)
  a +0 short sword
(7, 12, D:3)
  a +0 leather armour
(9, 2, D:3)
  a cursed -1 short sword
(17, -25, D:3)
  a +0 dagger
(17, -5, D:3)
  a +0 club
(18, -3, D:3)
  a +0 club
  a +0 short sword
(22, 7, D:3)
  a +0 leather armour
(22, 13, D:3)
  a +0 whip
(35, 31, D:3)
  a cursed -1 club
(37, 14, D:3)
  a +0 dagger
(39, 11, D:3)
  a +0 robe
(40, 11, D:3)
  a +0 dagger
  a +0 robe

Level 4 of the Dungeon
(0, 0, D:4)
  a +0 whip
(19, 23, D:4)
  a +0 robe
(29, 29, D:4)
  a +0 whip
(29, 30, D:4)
  a +0 dagger
(30, -5, D:4)
  a +0 trident
  a +0 ring mail
(30, 30, D:4)
  a +0 dagger
(30, 31, D:4)
  a +0 hand axe
  a +0 ring mail
  a +0 war axe
(33, -6, D:4)
  a +0 trident
(34, 5, D:4)
  a +0 hand axe

Level 5 of the Dungeon
(0, 0, D:5)
  15 gold pieces
(2, 2, D:5)
  a scroll of random uselessness
(3, 7, D:5)
  a +0 halberd
(6, 6, D:5)
  an adder corpse
(7, 0, D:5)
  a +0 club
(10, 7, D:5)
  a +0 hand axe
(13, 1, D:5)
  11 gold pieces

