Ybilemn

Level 1 of the Dungeon
(0, 14, D:1)
  a +0 plate armour
(3, 9, D:1)
  a +0 club
(15, 18, D:1)
  a +0 club
(16, 18, D:1)
  a +0 dagger
(22, 39, D:1)
  a +0 club
(28, 2, D:1)
  a +0 dagger
(40, 15, D:1)
  a +0 short sword

Level 2 of the Dungeon
(14, -33, D:2)
  a +0 club
(15, -34, D:2)
  a +0 dagger
(22, -20, D:2)
  a +0 dagger
(31, -21, D:2)
  a +0 leather armour
(32, -3, D:2)
  a +0 dagger
(36, -28, D:2)
  a +0 club

Level 3 of the Dungeon
(0, 0, D:3)
  a +0 short sword
(14, -11, D:3)
  a +0 long sword
  a +0 club
  a cursed +0 dagger
  a +0 ring mail
(17, -8, D:3)
  a +0 spear
(19, 25, D:3)
  a +0 scale mail
(19, 26, D:3)
  a +0 short sword
(21, 32, D:3)
  a +0 short sword
(33, -5, D:3)
  a +0 leather armour
(35, -13, D:3)
  a +0 dagger
(36, 26, D:3)
  a +0 dagger
(38, 17, D:3)
  a +0 leather armour
(40, 11, D:3)
  a +0 robe
(40, 27, D:3)
  a cursed -1 quarterstaff
(51, -5, D:3)
  a +0 club
  a +0 halberd
(57, 20, D:3)
  a +0 leather armour
(57, 21, D:3)
  a +0 dagger

Level 4 of the Dungeon
(0, 0, D:4)
  a +0 hand axe
  a +0 leather armour
(2, 1, D:4)
  a +0 dagger
  a +0 robe
(5, 0, D:4)
  a +0 dagger
  a +0 robe
(5, 1, D:4)
  a +0 hand axe
(7, -14, D:4)
  a +0 leather armour
(19, -20, D:4)
  a +0 club
(23, -24, D:4)
  a +0 mace
  a +0 leather armour
(28, -14, D:4)
  a cursed +0 ring mail
(44, -14, D:4)
  a +0 scale mail

Level 6 of the Dungeon
(7, -27, D:6)
  a +0 giant club
(7, -26, D:6)
  a +0 flail
  a +0 robe
(9, -25, D:6)
  a +0 robe
(15, 6, D:6)
  a scroll of random uselessness
(16, -28, D:6)
  a +0 halberd
  a +0 robe
(17, 22, D:6)
  a +0 chain mail
(18, 24, D:6)
  a +0 hand axe
  a +0 war axe
  a +0 chain mail
  a +0 mace
(19, 15, D:6)
  a +0 quarterstaff
(24, 26, D:6)
  a +0 ring mail
(31, -10, D:6)
  a +0 chain mail
(32, 24, D:6)
  a scroll of random uselessness
  a +0 leather armour
(36, 5, D:6)
  a +0 club
(37, 5, D:6)
  a +0 club
(37, 6, D:6)
  a +0 plate armour
  a +0 long sword
(38, 5, D:6)
  a +0 leather armour
  a +0 short sword
(42, -9, D:6)
  a scroll of random uselessness
(44, 16, D:6)
  a +0 giant club
(45, 16, D:6)
  a +0 shortbow
(56, 11, D:6)
  a +0 scale mail
  a +0 dagger
  a +0 trident
(56, 12, D:6)
  a +0 glaive
  a +0 plate armour

Level 7 of the Dungeon
[Shop] Odeuc's Jewellery Boutique
  an uncursed amulet of harm (300 gold)
  a cursed ring of flight (145 gold)
  an uncursed ring of protection from cold (250 gold)
  an uncursed amulet of faith (400 gold)
  an uncursed ring of fire (250 gold)
  a +4 ring of intelligence (270 gold)
  an uncursed ring of wizardry (300 gold)
  an uncursed ring of protection from fire (250 gold)
  a +3 amulet of reflection (250 gold)
  an uncursed ring of fire (250 gold)
[Shop] Tiumor's Jewellery Boutique
  an uncursed amulet of rage (480 gold)
  an uncursed ring of protection from magic (300 gold)
  a cursed -2 ring of evasion (24 gold)
  a cursed ring of teleportation (54 gold)
  an uncursed ring of protection from fire (300 gold)
  a +4 ring of dexterity (324 gold)
  a cursed -2 ring of intelligence (24 gold)
  an uncursed ring of protection from fire (300 gold)
  a +2 ring of dexterity (90 gold)
  an uncursed ring of resist corrosion (240 gold)
  an uncursed ring of protection from fire (300 gold)
  a +6 ring of evasion (936 gold)
  an uncursed ring of see invisible (180 gold)
(0, 0, D:7)
  a +0 dagger
  a +0 robe
(6, 25, D:7)
  a +0 scale mail
(9, 29, D:7)
  a +0 spear
(12, 26, D:7)
  a +0 shortbow
(17, 26, D:7)
  a +0 dagger
  a +0 robe
  a +2 dagger of venom
  a +0 robe
(18, 26, D:7)
  a +0 short sword
(21, 28, D:7)
  a +0 robe
(25, 13, D:7)
  a cursed +0 dagger
  a +0 robe
(25, 14, D:7)
  a +0 short sword
  a +0 leather armour
  a +0 dagger
  a +0 ring mail
(26, 13, D:7)
  a +0 flail
  a +0 ring mail
(26, 14, D:7)
  a +0 halberd
  a +0 chain mail
(34, 20, D:7)
  a +0 robe

Level 8 of the Dungeon
(0, 0, D:8)
  a cursed +0 robe
(21, -5, D:8)
  a +0 dagger
  a +0 robe
(22, -2, D:8)
  a +0 chain mail
(22, -1, D:8)
  a +0 hand axe
(47, -7, D:8)
  a +0 shortbow
(52, -24, D:8)
  a +0 dagger
  a +0 robe
(53, -24, D:8)
  a +0 club
(56, -9, D:8)
  a +0 dagger

Level 9 of the Dungeon
(0, 0, D:9)
  a +0 giant club
(1, 0, D:9)
  a +0 dagger
(2, 0, D:9)
  a +0 club (still there?)
  a tomahawk (still there?)
(2, 1, D:9)
  a +0 hand axe
  an orc corpse
(3, 1, D:9)
  a tomahawk
  a +0 giant club
  a +0 giant club
  a two-headed ogre skeleton
(6, -3, D:9)
  a potion of mutation

