                                               ###  #####    ###
                                        ##### ##.####.P.######<#
                                        #...###.≈.##.≈.≈.#≈.≈#.#
                                      ###...≈..≈≈≈..≈≈≈≈≈..≈..P#
                                      #.'.....≈≈≈≈≈≈≈≈≈≈≈≈≈≈≈.≈#
                                 ######.'.≈..≈≈≈≈≈≈≈≈≈≈≈≈≈≈≈≈≈≈#
                                 #......#.≈≈≈≈≈≈P≈≈≈≈≈≈P≈≈≈≈≈≈≈#
                         #####   #......#...≈..≈≈P≈≈≈≈P≈≈≈≈≈≈≈≈#
             #############...#   #......#...P.≈.PP≈≈≈≈≈P≈P≈PP≈P#
           ###.....#.....#...#####......########################
         ###................................##......#           
   #######....................####...............####           
   #.......#.................##  #..........##.###              
####.........................#   #.....).......#                
#..........#.................### #####.......###########        
###...######...................#     #.......# ##.>....##       
  ###....####................#.#     #.h.....###........##      
    ####...........#.....##.##.##    #>......##..........#      
       ######.......#######.....##   #gl.....#...........#      
            #.#...#.###########..##  #h......#...........#      
            #.....#.#........##...####...#####...........#      
            #..............#...#.....#..##   #...........#      
            #.....................##....######..........##      
            #.....#.#......#####......h..##..............#      
            #................# ##.....##.##.#............#      
            #......#.......#.#  ##.h.>##.##..)÷..........#      
   #######  #..###.#.#######.#  ##.........÷.............#      
   #.....# ##..###.#..######.####.........#..##..........#      
   #.....# #.....#.##.#............#.#.......###........##      
   #.....###....)#.#.................##........##......##       
   #####...........#...#####.####...###...##.#.#########        
  #######...............####.# #....##....#..#.#                
 ##.......##....#...#.....##.###.#.#...#..#.##.#                
 #..###..............................###..#.##.##               
 #.............##.######.............####.......#               
 #######.......##.#    ###......................#               
       ####....##.###    ####........#[.........#               
          #.........#       #........#..........#               
          ###...#.#.#       #................####               
          ###.#...#.##      #.......##.#####...####             
          #......##..##     ##..######.#######....#             
          #......###..####   #..#    #............#             
          #....#..###....# ###..###  ########.....#             
          #....##..##....# #......#         ##....#             
          #....###...#...# #......#          ##...#             
          #....# ###.....# #......#           #...#             
          #....#   ###...# #......#           #...#             
          #....#     #...# #......#           #####             
          #....#     #...# #......#                             
          ######     #...# #......#                             
                     ##### #......#                             
                           ########                             
