Hosmudim

Level 1 of the Dungeon
(0, 0, D:1)
  a +0 club
(0, 1, D:1)
  a +0 club
(20, -5, D:1)
  a +0 club

Level 2 of the Dungeon
(0, 0, D:2)
  a +0 whip
(15, 8, D:2)
  a +0 club
(24, -6, D:2)
  a +0 chain mail

Level 3 of the Dungeon
(0, 0, D:3)
  a +0 club
(7, 23, D:3)
  a +0 ring mail
(9, -2, D:3)
  a +0 robe
(14, 31, D:3)
  a +0 club
(17, 34, D:3)
  a +0 whip
(20, 26, D:3)
  a +0 whip
(37, 13, D:3)
  a +0 dagger

Level 4 of the Dungeon
[Shop] Otisogg's Antique Armour Boutique
  a +0 ring mail (92 gold)
  a +0 ring mail of fire resistance (253 gold)
  the +4 plate armour of the Rabble {*Contam rPois SInv} (1214 gold)
    It protects you from poison.
    It lets you see invisible.
    It causes magical contamination when unequipped.
  a +0 scale mail (92 gold)
  a +0 ring mail (92 gold)
  a +2 helmet of intelligence (494 gold)
  a +0 leather armour (46 gold)
  a +3 ring mail of poison resistance (529 gold)
  the +9 armour of the Dragon King {rPois rF+ rC+ MR+} (2870 gold)
    It protects you from fire.
    It protects you from cold.
    It protects you from poison.
    It affects your resistance to hostile enchantments.
  a +0 chain mail (103 gold)
  a +0 helmet (103 gold)
(0, 0, D:4)
  a cursed -3 mace
(9, -19, D:4)
  a +0 whip
(9, 17, D:4)
  a +0 ring mail
(18, -24, D:4)
  a +0 mace
  a +0 leather armour
(23, 14, D:4)
  a +0 robe
(25, -18, D:4)
  a +0 whip
  a cursed +0 leather armour
(25, -9, D:4)
  a +0 dagger
(26, -18, D:4)
  a +0 hand axe
  a +0 ring mail
(29, -16, D:4)
  a +0 ring mail

Level 5 of the Dungeon
[Shop] Zuikogo's Weapon Shop
  a +0 club (10 gold)
  the +1 fustibalus of Booni {velocity, +Blink} (415 gold)
    Any stone fired from it inflicts extra damage.
    
    It lets you blink.
  a +0 rapier (40 gold)
  a +1 glaive of chopping (167 gold)
  23 stones (23 gold)
  a +0 hunting sling (15 gold)
  a +0 hunting sling (15 gold)
(0, 0, D:5)
  an adder corpse
(2, 0, D:5)
  5 arrows (still there?)
  4 arrows (still there?)
(3, 0, D:5)
  4 arrows
(5, 0, D:5)
  an arrow

