Hietowiff

Level 1 of the Dungeon
(0, 0, D:1)
  a +0 club
(10, 22, D:1)
  a +0 dagger
(19, 17, D:1)
  a +0 club
(19, 18, D:1)
  a +0 club
(26, 9, D:1)
  a +0 club
(44, -21, D:1)
  a +0 club

Level 2 of the Dungeon
(0, 0, D:2)
  a +0 club
(8, -6, D:2)
  a +0 dagger
  a +0 animal skin
(8, 12, D:2)
  a cursed +0 club
(23, 19, D:2)
  a +0 scale mail
(30, 3, D:2)
  a scroll of random uselessness
(31, 4, D:2)
  a +0 club
(31, 5, D:2)
  a +0 dagger
(33, 15, D:2)
  a +0 whip
  a +0 spear
(46, 4, D:2)
  a +0 dagger
(46, 15, D:2)
  a +0 scale mail
(49, 5, D:2)
  a +0 spear
(50, 10, D:2)
  a cursed -1 whip

Level 3 of the Dungeon
(0, 0, D:3)
  a +0 scale mail
(10, 0, D:3)
  a +0 leather armour
(15, 13, D:3)
  a +0 dagger
(17, 13, D:3)
  a +0 dagger
(19, -3, D:3)
  a +0 club
  a +0 robe
(24, 2, D:3)
  a +0 club
(29, 8, D:3)
  a +0 club
(44, -1, D:3)
  a cursed +0 quarterstaff
(49, 2, D:3)
  a +0 club
(54, -8, D:3)
  a +0 leather armour

Level 4 of the Dungeon
(0, 0, D:4)
  a +0 whip
(2, 15, D:4)
  a +0 ring mail
(6, -11, D:4)
  a cursed -1 club
  a +0 short sword
  a +0 ring mail
  a +0 club
  a +0 club
  a +0 leather armour
  a +0 dagger
  a +0 robe
(18, -22, D:4)
  a +0 dagger
  a +0 robe
(19, -21, D:4)
  a +0 robe
(23, -17, D:4)
  a +0 ring mail
(24, -21, D:4)
  a +0 flail
(25, -21, D:4)
  a +0 club
(25, -20, D:4)
  a +0 club
(35, -17, D:4)
  a +2 quarterstaff of chaos
(35, -2, D:4)
  a +0 hunting sling
(44, -23, D:4)
  a +0 ring mail
(46, 4, D:4)
  a +0 spear

Level 5 of the Dungeon
(1, -22, D:5)
  a +0 flail
(1, -21, D:5)
  a +0 club
  a +0 leather armour
(2, -22, D:5)
  a +0 short sword
  a +0 ring mail
  a +0 dagger
  a +0 robe
(3, -30, D:5)
  a scroll of noise
(3, -21, D:5)
  a +0 dagger
  a +0 robe
(7, 7, D:5)
  a +0 giant club
(19, -22, D:5)
  a +0 trident
(29, -15, D:5)
  a +0 hunting sling
(30, -13, D:5)
  a +0 club
(33, 18, D:5)
  a +0 whip
(38, -18, D:5)
  a +0 dagger

Level 6 of the Dungeon
(0, 0, D:6)
  a scroll of random uselessness
(18, 4, D:6)
  a +0 halberd
  a +0 robe
(18, 5, D:6)
  a +0 robe
(21, -13, D:6)
  a +0 flail
(21, 7, D:6)
  a +0 robe
(22, -12, D:6)
  a +0 dagger
  a +0 robe
  a cursed +0 chain mail
  a +0 short sword
(22, 9, D:6)
  a +0 ring mail
(22, 10, D:6)
  a +0 flail
  a +0 scale mail
(23, 1, D:6)
  a cursed +0 war axe
  a +0 robe
(23, 10, D:6)
  a +0 dagger
  a +0 robe
(27, 10, D:6)
  a +0 hand axe
  a +0 ring mail
(28, 11, D:6)
  a +0 dagger
  a +0 robe
  a +0 falchion
(32, 12, D:6)
  a +0 plate armour
(45, -6, D:6)
  a +0 flail
  a +0 ring mail
(45, -5, D:6)
  a +0 dagger
  a +0 leather armour
(45, -4, D:6)
  a +0 hand axe
  a +0 leather armour
(45, -3, D:6)
  a cursed -1 giant club

Level 7 of the Dungeon
(0, 0, D:7)
  a +0 giant spiked club
(12, 24, D:7)
  a +0 short sword
(24, -4, D:7)
  a +0 shortbow
(25, -12, D:7)
  a +0 ring mail
(41, -10, D:7)
  a +0 whip
  a +0 ring mail
(41, -9, D:7)
  a +0 dagger
  a +0 robe
  a +0 trident
(45, -15, D:7)
  a +1 dagger
  a +0 mace
  a +0 halberd
  a +0 flail
  a +0 scale mail
  a +0 mace
  a +0 hand axe
  a +0 shield

Level 8 of the Dungeon
(0, 0, D:8)
  a sky beast corpse

the Ecumenical Temple

