Nehaaleng

Level 1 of the Dungeon
(3, -3, D:1)
  a +0 club
(3, -2, D:1)
  a +0 dagger
(3, 13, D:1)
  a +0 club
(11, -12, D:1)
  a +0 dagger
(18, -10, D:1)
  a +0 club
  a +0 leather armour
  a +0 club
(20, -10, D:1)
  a +0 mace
  a +0 plate armour
(22, -16, D:1)
  a +0 short sword
(22, -15, D:1)
  a +0 dagger
(33, 1, D:1)
  a +0 club
(46, 4, D:1)
  a +0 short sword

Level 2 of the Dungeon
(0, 0, D:2)
  a +0 club
(3, -4, D:2)
  a +0 whip
(6, 21, D:2)
  a +0 whip
(6, 26, D:2)
  a +0 leather armour
(28, -7, D:2)
  a +0 club
(33, -7, D:2)
  a +0 dagger
(34, 22, D:2)
  a +0 dagger
(36, 4, D:2)
  a +0 club
(39, 2, D:2)
  a potion of degeneration

Level 3 of the Dungeon
(8, 18, D:3)
  a +0 leather armour
(13, 20, D:3)
  a +0 chain mail
  a +0 dagger
  a +0 ring mail
  a +0 trident
  a +0 leather armour
(14, 21, D:3)
  a +0 dagger
  a +0 robe
(16, -3, D:3)
  a +0 leather armour
(19, 1, D:3)
  a +0 club
(21, 1, D:3)
  a +0 leather armour
(32, 26, D:3)
  a +0 dagger
(37, 26, D:3)
  a +0 whip
(38, 26, D:3)
  a cursed +0 flail
  a +0 whip
  a +0 leather armour
(40, 25, D:3)
  a scroll of immolation

Level 4 of the Dungeon
(0, 0, D:4)
  a scroll of immolation
(13, 38, D:4)
  a +0 hunting sling
(18, 8, D:4)
  a potion of degeneration
(23, 15, D:4)
  a +0 robe
(23, 39, D:4)
  a +0 leather armour
(23, 40, D:4)
  a +0 flail
(25, 13, D:4)
  a +0 robe
(25, 41, D:4)
  a +0 ring mail
(30, -5, D:4)
  a cursed +0 glaive
(30, -2, D:4)
  a scroll of noise
(31, 29, D:4)
  a cursed -1 dagger
(31, 41, D:4)
  a +0 hand axe
(31, 42, D:4)
  a cursed +0 chain mail
  a +0 mace
(32, 29, D:4)
  a +0 dagger
  a +0 leather armour
(32, 41, D:4)
  a cursed +0 ring mail
  a +0 flail
(33, 40, D:4)
  a +0 robe
  a +0 dagger
(37, 43, D:4)
  a large rock
(40, 49, D:4)
  a +0 ring mail
(42, 38, D:4)
  a +0 spear

Level 5 of the Dungeon
[Shop] Ireqi's Magic Scroll Emporium
  a scroll of random uselessness (11 gold)
  a scroll of acquirement (572 gold)
(0, 0, D:5)
  a +0 leather armour
(8, 23, D:5)
  a cursed ring of teleportation
  2 potions of lignification
(12, -8, D:5)
  a +0 short sword
  a +0 club
  a +0 ring mail
(13, -9, D:5)
  a +0 war axe
  a scroll of noise
(24, -2, D:5)
  a +0 leather armour
(37, 11, D:5)
  a +0 whip

Level 6 of the Dungeon
(0, 0, D:6)
  a +0 leather armour
(4, 6, D:6)
  a +0 leather armour
(13, -18, D:6)
  a +0 ring mail
(24, -22, D:6)
  a +0 dagger
  a +0 leather armour
(33, -7, D:6)
  a +0 war axe
(34, -22, D:6)
  a +0 animal skin
(62, -29, D:6)
  a +0 club
  a +0 war axe
  a +0 chain mail
(62, -28, D:6)
  a +0 whip
  a +0 leather armour

Level 7 of the Dungeon
(0, 0, D:7)
  a +0 chain mail
(18, -5, D:7)
  a +0 shortbow
(20, 12, D:7)
  a +0 whip
(21, 25, D:7)
  a +0 dire flail
  a +0 giant club
(35, 4, D:7)
  a +0 ring mail
(38, 7, D:7)
  a +0 dagger
  a cursed +0 leather armour
(41, -20, D:7)
  a +0 whip
(41, 21, D:7)
  a +0 ring mail
(42, -21, D:7)
  a +0 short sword

Level 8 of the Dungeon
(0, 0, D:8)
  a +0 hand axe
  a +0 animal skin
(10, 0, D:8)
  a +0 short sword
  a +0 leather armour
(10, 1, D:8)
  a +0 vampiric dagger
  a +0 robe
(10, 22, D:8)
  a +0 ring mail
(22, -17, D:8)
  a +0 robe
(23, -7, D:8)
  a +0 ring mail
(25, -8, D:8)
  a +0 flail
  a +0 leather armour
(31, -10, D:8)
  a cursed -1 flail
(31, -9, D:8)
  a cursed -1 whip
  a +0 leather armour
(34, 8, D:8)
  a +0 dagger
  a +0 robe
(35, 37, D:8)
  a +0 club
(36, 6, D:8)
  a +0 club
  a +0 ring mail
(36, 33, D:8)
  a +0 chain mail
(37, 7, D:8)
  a +0 dagger
  a +0 leather armour

Level 9 of the Dungeon
(0, 0, D:9)
  a +0 falchion
  a +0 shortbow
  a +0 falchion
  a +0 war axe
  a +0 long sword
  a +0 hunting sling
(0, 1, D:9)
  a +0 scale mail
(17, -9, D:9)
  a +0 chain mail
(18, -48, D:9)
  a +0 leather armour
(21, -8, D:9)
  a +0 robe
(22, 6, D:9)
  a cursed +0 leather armour
(24, -4, D:9)
  a cursed +0 mace
  a +0 robe
(24, -3, D:9)
  a +0 robe
(24, -2, D:9)
  a +0 dagger
  a +0 robe
(25, -3, D:9)
  a +0 robe
  a +0 battleaxe
  a +0 robe
(34, -21, D:9)
  a cursed ring of teleportation
(40, -51, D:9)
  a +0 dagger
  a +0 robe
  a +0 club
(41, -51, D:9)
  a +0 whip
(41, -49, D:9)
  a +0 short sword
  a cursed +0 chain mail
(54, -31, D:9)
  a cursed +0 leather armour
  a +0 short sword
  a +0 plate armour
  a +0 war axe
  a +0 plate armour
  a +0 short sword
  a +0 giant club
(55, -32, D:9)
  a -3 trident
  a +0 giant spiked club
  a +0 flail
  a +0 flail
  a +0 spear
  a +0 scale mail
  a +0 shield
  a +0 troll leather armour
  a +2 trident of protection
  a +0 ring mail
(55, -31, D:9)
  a +0 giant club
  a +0 giant club
  a +0 hand axe
  a +0 plate armour
  a +0 chain mail
(56, -31, D:9)
  a +0 whip
(57, -31, D:9)
  a +0 giant spiked club

the Ecumenical Temple

Level 1 of the Orcish Mines
[Shop] Xary's Distillery
  a potion of resistance (170 gold)
  2 potions of lignification (102 gold)
  a potion of haste (170 gold)
  a potion of magic (136 gold)
  a potion of flight (51 gold)
  a potion of curing (51 gold)
  a potion of agility (68 gold)
  a potion of curing (51 gold)
  a potion of degeneration (17 gold)
  a potion of curing (51 gold)
(0, 0, Orc:1)
  a +0 short sword
  a +0 plate armour
(0, 1, Orc:1)
  a +0 war axe
  a +0 chain mail
(1, 1, Orc:1)
  a +0 mace
  a +0 leather armour
  an orc skeleton

Level 2 of the Orcish Mines
[Shop] Zutug's Book Shop
  (Shop contents are unknown)
(0, 0, Orc:2)
  a +0 dagger
  (unseen)
(0, 1, Orc:2)
  a +0 dagger
  (unseen)
(3, 0, Orc:2)
  a tomahawk
(5, 0, Orc:2)
  a tomahawk
(7, 0, Orc:2)
  a tomahawk
(8, 3, Orc:2)
  21 gold pieces
(9, 0, Orc:2)
  2 tomahawks

