..  #.                     
...  .#                    
 #.. ..                    
  #.##.                    
  #....                    
    ...##                  
     #..#                  
      #>#                  
      #.###                
      #...#                
      ###.#                
        #.#                
     ####)#######          
     #..).......#          
     #....).....###..      
#.#######...........#      
#......[.†......#####      
#####)###.......####...    
  #8...8#.....)........    
  #.....#....######....    
  #..>..##yO##8()8#   .    
  #.....##..#8%...8        
  #8...8#...'....%.     .  
  #######.#.'......     .##
       #..#.#8....8#    ..#
       #.##.##8}/8##.####.#
       #. ... #####.....#.#
       .. ##+         #...#
      #.#             ##..#
                       #..#
                       #..#
                       #..#
                       #..#
              ####    ##..#
       ..######..######...#
       #......)O..........#
       #.................##
       ################### 
