Waolin

Level 1 of the Dungeon
(0, 0, D:1)
  a +0 club
(1, -4, D:1)
  a +0 ring mail
(3, -31, D:1)
  a +0 robe
(7, -31, D:1)
  a +0 club
(7, -30, D:1)
  a +0 club
(9, -22, D:1)
  a cursed -3 club
(19, -19, D:1)
  19 stones
(28, -10, D:1)
  a +0 ring mail
(30, -8, D:1)
  a +0 club
(31, -30, D:1)
  a +0 whip
(36, -28, D:1)
  27 stones

Level 2 of the Dungeon
(0, 0, D:2)
  a +0 club
(1, 9, D:2)
  a cursed -2 club
(5, 38, D:2)
  a +0 leather armour
(8, 3, D:2)
  a +0 ring mail
(12, 33, D:2)
  a +0 dagger
(14, 17, D:2)
  a +0 dagger
(17, 20, D:2)
  a +0 leather armour
(23, 32, D:2)
  a +0 club
(27, 33, D:2)
  a +0 mace
(29, 18, D:2)
  17 arrows
(32, 6, D:2)
  a +0 club
(32, 7, D:2)
  a +0 spear
(34, 38, D:2)
  a +0 mace
(35, 12, D:2)
  a +0 club
(37, 25, D:2)
  a +0 whip

Level 3 of the Dungeon
(0, 0, D:3)
  a +0 club
(2, 0, D:3)
  a +0 short sword
(6, 25, D:3)
  a scroll of random uselessness
(16, 18, D:3)
  a cursed +0 dagger
(48, 32, D:3)
  a cursed +0 scale mail
(50, -10, D:3)
  a +0 club
(51, -12, D:3)
  a +0 dagger
(51, -10, D:3)
  a +0 club
(52, -9, D:3)
  a +0 ring mail

