                                               
                                               
                                               
                                               
                                               
                                               
                                               
 ####       #####                              
##..##     ##≈≈≈##                             
#....##   ##..≈≈≈#                             
#.....#####.#.<≈≈#                             
#........##....≈≈#                             
#..#≈≈≈...##..P≈≈#                             
#.####≈≈≈.....P≈≈#                             
#.## ###≈≈...P≈≈##                             
#..#   ##≈≈≈≈≈≈##                              
#.##########≈≈##                               
#......#   ####                                
#####P.# ####                                  
    #..##.#.##P                                
    ##.........                                
    #..........                                
    ##...................                      
    ##..................                       
    #...#####..........                        
    ##.#.# #  ##......#                        
     #.##....  #......#                        
     #.##.....##......##                       
     #.##..............#        .#             
     #.##......#......#       ...#             
     #..#.....##......#####+# ...#             
     #.##.. ..##......#.##P.##...####          
     #.P#.# #.#..........%........#.#+         
     #.##.###.##......................         
     #..[.............................         
     #................................         
     #................................         
     #.###P..#P.......................         
     #..........#....#####.#..........         
     #...............#   ####.t....#.          
     #.#........#.....#     #.....#...         
     #.#........#....##    #..l...+            
     #........... ...#     ##..[......         
      .#........P.          #.........         
                            #.....#...         
                            #.....#...         
                            #.....# #.         
                            #......            
