                                             ###########    
                                             #.........#    
                      ##########             #.........#    
              #########........#         #####.........###  
              #.......#......<.###########...............## 
              #.......#........##..........###..<.........##
              #.......#........##.#####..####..............#
              ####.####........##.# #....#  #..............#
                #.................###..#.####....>.........#
                #..........................................#
                #...............#..............8.8.8.......#
                #...............Y.....).............).....##
               ##.......<).......#####.#....#.......))...## 
               #....................##.#....#.#..........#  
               #..........).........##...#.##.#_)........#  
               #.#####.#.........(..####.#.##.#..........#  
             ###.##..............>..#  #.#.##............#  
            ##......#..............Y#  #.................#  
           ##.........##............####.#.#...8.8.8.#####  
      ######..........##............##...#.#.........##     
      #...##..........##.........>..#......#...#......#     
      #...##..........................................#     
      #...##.............................#..8...8..#..#     
      #.......................#.......YY.#..#...#..#..#     
      #...###.................###.....Y..#  #...#..#..#     
#######...###............................#  #...#..#..#     
#....†....##.....................#.......#  #...#..#..#     
#.#####...##.......................).....#  #...#..#..#     
#.#   ######..................##.###.....#  #+++#..#..#     
#.#        #............#.#.#.##.........#         #..#     
#..y%yy%.  #<..........##................#         #.##     
###yyyyyy ###........#.##..........#.....#         #.#      
   yyyy.% #............##..........#.....###########.#      
    yy%..##.########.####..........#.................#      
    ######..########.# #..#...>....######.........####      
      #..............# #..##########    #...#...#.#         
      #........####### #..#             #...##..#.##        
      #........#       #.##             #..........##       
      #......).#       #.#              ##.##.##....#       
      #........#       ###               #.##...[...#       
      #........#                         #.####.....##      
      #........#                         #.#  #......#      
      #........#                         ###  ####.#.#      
      ##########                                 #...#      
                                                 #####      
