########        ##   ############### ####################  ####      
#......#       #.#   #.............# #........).........#  #..#      
#####..#       #.#   #..########...# #...####)).........#  #..#   #.#
    #..#       #.#   #..#      #...# #...#  #...........#  #..#   #.#
    #..#       #.#   #..#      #...# #...#  #...........#  #..#   #.#
    #..#       #.#   #..#      #..÷# #...#  #...........#  #..#   #.#
#####..#########.#   #..#      #...###...#  #...........####..#   #.#
#................#####..########.........####.................#####.#
#........................<.........................^................#
#......................................................#####........#
#.###################################################..#   #........#
#.#                                                 #..#   #........#
#.#                                                 #..#   #........#
#.#                                                 #..#   #........#
#.####################                              #..#####........#
#....................                                   ........)...#
######..............#                                   ............#
     #.#####).####..#                                   ............#
     #.#   #..#  #.#                                    ............#
     #.#####..####)##                                   ............#
     #............).##                                  ............#
     ..........<.....##                                 ............#
     .....####........##                                ###.........#
      ##..   #.<.##....#                          #..#    #.........#
       #.    #...##....#                          #..#    #.........#
       #     #...........8#                       #..#    #.........#
            .....#........+                       #..#    #.........#
           %.....##.....#8#                       #..#    #.........#
          .Y.....##....############################..######.........#
          .Y..........####..........W...............................#
                  ...####............#####..####..................>.#
                 ..... #...[..)......#   #..#  #..###################
                      #..........)...#   #..#  #..#                  
                      ...........†..(#   #..#  #..#                  
                      ..........†....#   #..#  #..#                  
                      ......##############..####..#                  
                      ......          #...........#######            
                      ...#..          ####...............            
                      ...#..             ####............            
                                            #...###...###            
                                            #...#  ...#              
                                            #...#  ...#              
                                            #...#   ..#              
                                            #...#   ..#              
                                            #...#    .#              
                                            ....#                    
