                   #########               
    ################........               
    #............⌠.⌠........               
    #.####........∩......#                 
    #.#  #.######⌠.⌠.###.#                 
    #.####.#    ##.#.# #.#                 
    #......#     #...###o########.#        
   ##..#...#     ###..oMc{({a.....#        
  ##..##.#.#       #..##o########.#        
 ##..###.#.#       #..##.#                 
##..## #.#.#   #......##.#                 
#..##          #.###w##..#                 
#.##               #.# .##                 
#..##              #Y##.                   
##..##             #c##.                   
 #...##            ...                     
 #.#..##           .##                     
 #.....#                                   
 ##<##...#                                 
  #.# ####                                 
  #.#                                      
  #.#                                      
  #.#                                      
  #.#                                      
  #.#                                      
  #.#                                      
                                           
                                           
                                           
