Hanyijic

Level 1 of the Dungeon
(0, 0, D:1)
  a +0 whip
(9, 8, D:1)
  a +0 club
(12, 6, D:1)
  a +0 helmet
(22, 6, D:1)
  a +0 club
(23, 27, D:1)
  a +0 dagger
(28, 30, D:1)
  a +0 robe
(31, 22, D:1)
  a +0 ring mail
(35, 6, D:1)
  a +0 short sword
(38, 23, D:1)
  a +0 robe
(40, -3, D:1)
  a +0 club
(42, -3, D:1)
  a +0 club

Level 2 of the Dungeon
(0, 0, D:2)
  a +0 dagger
(10, 42, D:2)
  a +0 whip
(13, 12, D:2)
  a +0 mace
(13, 52, D:2)
  a +0 dagger
(15, 2, D:2)
  a +0 ring mail
(19, 15, D:2)
  a +0 club
(23, 32, D:2)
  a +0 club
(23, 39, D:2)
  a +0 leather armour
(24, 27, D:2)
  a +0 club
(39, 8, D:2)
  a +0 scale mail
(45, 8, D:2)
  a +0 whip

Level 3 of the Dungeon
(0, 0, D:3)
  a +0 dagger
  a cursed +0 robe
(8, -6, D:3)
  a +0 ring mail
(28, 35, D:3)
  a +0 club
(28, 36, D:3)
  a +0 spear
(40, -1, D:3)
  a -1 halberd
(43, -13, D:3)
  a +0 short sword
(47, 8, D:3)
  a +0 helmet
(49, -2, D:3)
  a +0 dagger

Level 4 of the Dungeon
(0, 0, D:4)
  a -3 ring of intelligence
(5, 16, D:4)
  a +0 giant club
(20, 3, D:4)
  a +2 vampiric dagger
  a +0 robe
(20, 6, D:4)
  a +0 dagger
  a +0 robe
  a +0 dagger
  a +0 robe
(43, 26, D:4)
  a +0 leather armour
(44, 11, D:4)
  a +0 helmet
(56, 24, D:4)
  a +0 robe
(57, 19, D:4)
  a +0 ring mail

Level 5 of the Dungeon
[Shop] Zekoza Gyng's Elemental Accessories
  an uncursed staff of fire (375 gold)
  Igoudin's Incunabulum of the Birds (837 gold)
    Spells                             Type                      Level
     a - Shock                        Conjuration/Air               1
     b - Swiftness                    Charms/Air                    2
     c - Mephitic Cloud               Conjuration/Poison/Air        3
     d - Static Discharge             Conjuration/Air               3
     e - Poisonous Cloud              Conjuration/Poison/Air        6
     f - Tornado                      Air                           9
  a wand of iceblast (6/15) (150 gold)
[Shop] Ylata's General Store
  a scroll of random uselessness (11 gold)
  a wand of iceblast (12/15) (176 gold)
  a +0 trident of distortion (117 gold)
  a +1 scale mail of poison resistance (143 gold)
  a +0 spear (33 gold)
  a beef jerky (16 gold)
  a +2 plate armour of cold resistance (440 gold)
  a wand of digging (11/24) (330 gold)
  a potion of lignification (33 gold)
  a +0 dagger (22 gold)
  12 bolts (26 gold)
(0, 0, D:5)
  a +0 ring mail
(5, -21, D:5)
  a +0 whip
(5, -5, D:5)
  a +0 robe
(6, -20, D:5)
  a +0 club
(7, -21, D:5)
  a +0 club
  a +0 robe
(7, -20, D:5)
  a +0 club
(8, -21, D:5)
  a +0 halberd
(11, 3, D:5)
  a +0 leather armour
(15, 4, D:5)
  a +0 dagger
  a +0 robe
(16, 5, D:5)
  a +0 leather armour
(17, 4, D:5)
  a +0 short sword
(20, -27, D:5)
  a +0 giant club
(23, -2, D:5)
  a +0 dagger
  a +0 robe
(26, 3, D:5)
  a +0 dagger
  a +0 robe
(27, 2, D:5)
  a +0 trident
(32, 11, D:5)
  a +0 club

Level 6 of the Dungeon
[Shop] Utilyka's Distillery
  a potion of curing (30 gold)
  a potion of haste (100 gold)
  a potion of haste (100 gold)
  a potion of curing (30 gold)
  a potion of might (40 gold)
  2 potions of magic (160 gold)
  a potion of haste (100 gold)
  a potion of lignification (30 gold)
  a potion of curing (30 gold)
[Shop] Xaumaefa's Book Boutique
  the Papyrus of Mutagenic Displacement (1202 gold)
    Spells                             Type                      Level
     a - Apportation                  Translocation                 1
     b - Irradiate                    Conjuration/Transmutation     5
     c - Dispersal                    Translocation                 6
     d - Statue Form                  Transmutation/Earth           6
  the Volume of Nocuous Attacks (735 gold)
    Spells                             Type                      Level
     a - Sting                        Conjuration/Poison            1
     b - Shock                        Conjuration/Air               1
     c - Static Discharge             Conjuration/Air               3
     d - Mephitic Cloud               Conjuration/Poison/Air        3
     e - Iron Shot                    Conjuration/Earth             6
     f - Conjure Ball Lightning       Conjuration/Air               6
  Advanced Magic (845 gold)
    Spells                             Type                      Level
     a - Excruciating Wounds          Charms/Necromancy             5
     b - Venom Bolt                   Conjuration/Poison            5
     c - Lee's Rapid Deconstruction   Earth                         5
     d - Aura of Abjuration           Summoning                     5
     e - Blade Hands                  Transmutation                 5
     f - Alistair's Intoxication      Transmutation/Poison          5
  a book of the Dragon (1170 gold)
  a book of Maledictions (325 gold)
  a book of Minor Magic (260 gold)
  a book of Clouds (585 gold)
  a Young Poisoner's Handbook (520 gold)
  a Fen Folio (975 gold)
  a book of Geomancy (455 gold)
  a book of Battle (520 gold)
  a book of Clouds (585 gold)
  a book of Transfigurations (715 gold)
  Kuec's Almanac of the Magi (698 gold)
    Spells                             Type                      Level
     a - Infusion                     Charms                        1
     b - Shroud of Golubria           Charms/Translocation          2
     c - Regeneration                 Charms/Necromancy             3
     d - Ring of Flames               Charms/Fire                   7
(3, -6, D:6)
  a -3 ring of intelligence
(18, 10, D:6)
  a +0 ring mail
(38, 7, D:6)
  a +0 leather armour

Level 7 of the Dungeon
(0, 0, D:7)
  a +0 giant club
(3, -22, D:7)
  a stone
(6, -24, D:7)
  2 stones
(9, 1, D:7)
  a +0 war axe
  a +0 scythe
  62 arrows
  9 bolts
  a scroll of amnesia
  13 poisoned needles
  a +0 hand axe
  a +0 scale mail
(10, -23, D:7)
  a scroll of random uselessness
(13, -17, D:7)
  a +2 whip of flaming
  a +0 robe
(16, -20, D:7)
  a +0 hand axe
  a +0 dagger
  a +0 robe
(16, 3, D:7)
  a +0 dagger
(17, -22, D:7)
  a +0 short sword
  a +0 chain mail
(25, -20, D:7)
  a cursed -3 whip
  a +0 ring mail
(28, -7, D:7)
  a +0 ring mail
(37, -13, D:7)
  a +0 dagger
  a +0 robe
(41, -2, D:7)
  a +0 buckler

Level 8 of the Dungeon
(0, 0, D:8)
  a +0 spear
(2, -29, D:8)
  a -3 rapier
(3, -11, D:8)
  a +1 whip of pain
(3, -10, D:8)
  a cursed -1 club
  a cursed +0 dagger
  a +0 whip
(3, -9, D:8)
  a +0 spear
(11, -22, D:8)
  a +0 short sword
(30, -11, D:8)
  a +0 mace
(31, -12, D:8)
  a +0 giant spiked club
(33, -27, D:8)
  a +0 dagger
  a +0 robe
(34, -28, D:8)
  a +0 flail
(34, -27, D:8)
  a +0 dagger
(37, -29, D:8)
  21 bolts
(38, -9, D:8)
  a scroll of random uselessness
(42, -27, D:8)
  a +0 giant club

Level 9 of the Dungeon
(0, 0, D:9)
  a +0 ring mail
(1, -50, D:9)
  a +0 mace
(2, -51, D:9)
  a +0 short sword
  a +0 flail
  a +0 dagger
  a +0 robe
(2, -50, D:9)
  a +0 flail
(6, -1, D:9)
  a +0 flail
(19, -3, D:9)
  a +0 shortbow
  2 arrows
(21, -3, D:9)
  2 arrows
(22, -3, D:9)
  an arrow
(23, -32, D:9)
  a +2 hat of spirit shield
(23, -3, D:9)
  3 arrows
(26, -58, D:9)
  an uncursed amulet of rage
  a +0 falchion
  a wand of confusion (23/48)
(28, -59, D:9)
  a +0 hand axe
(36, -43, D:9)
  a +0 giant club
(39, -35, D:9)
  a +0 giant spiked club
(48, -46, D:9)
  a +0 short sword
  a +0 leather armour
(49, -47, D:9)
  a +0 dagger
  a +0 robe
(49, -4, D:9)
  15 bolts
(56, -19, D:9)
  a +0 mace

Level 10 of the Dungeon
(0, 0, D:10)
  a +0 club
(1, 0, D:10)
  a cursed -1 flail
(12, -10, D:10)
  a +0 dire flail
(12, -4, D:10)
  a +0 trident
(13, -35, D:10)
  8 needles of sleeping
(17, -20, D:10)
  3 needles of sleeping
(20, -9, D:10)
  a +0 dagger
(23, -32, D:10)
  a +0 scythe
(24, -16, D:10)
  a +0 robe
(26, -22, D:10)
  a +0 leather armour
(34, -40, D:10)
  a book of Maledictions
(35, -44, D:10)
  a +0 short sword
(35, -26, D:10)
  a +0 scale mail
(39, -48, D:10)
  19 arrows
(45, -2, D:10)
  an arrow
(45, -1, D:10)
  an arrow
(46, -3, D:10)
  14 arrows
(46, -1, D:10)
  an arrow
(47, -2, D:10)
  an arrow
(48, -1, D:10)
  2 arrows
(52, -8, D:10)
  a +0 shortbow
(52, -6, D:10)
  3 potions of lignification
  a +0 war axe
(53, -3, D:10)
  a +0 robe

Level 11 of the Dungeon
(0, 0, D:11)
  a +0 shortbow
  13 arrows
(2, -2, D:11)
  an arrow
(4, -17, D:11)
  a +0 mace
(4, -6, D:11)
  an arrow
(4, -5, D:11)
  an arrow
(4, -4, D:11)
  2 arrows
(21, -16, D:11)
  a +0 club
(31, 0, D:11)
  a +0 helmet
(38, -23, D:11)
  a +0 troll leather armour
(43, -19, D:11)
  125 sling bullets
  a potion of ambrosia

Level 1 of the Lair of Beasts
(0, 0, Lair:1)
  a +0 rapier
(17, 2, Lair:1)
  a wand of confusion (21/48)
  the +1 robe "Miczutas" {-Cast rElec rF+ Int+3}
    It affects your intelligence (+3).
    It protects you from fire.
    It insulates you from electricity.
    It prevents spellcasting.
(22, -7, Lair:1)
  a +0 blowgun
(33, -25, Lair:1)
  a +0 glaive
(37, -7, Lair:1)
  a +0 chain mail
(42, -25, Lair:1)
  a +0 spear
(45, -51, Lair:1)
  a +0 dagger
(48, -28, Lair:1)
  12 sling bullets
(59, -4, Lair:1)
  a +1 chain mail

Level 2 of the Lair of Beasts
(0, 0, Lair:2)
  a potion of beneficial mutation
(4, -11, Lair:2)
  28 sling bullets
(10, -31, Lair:2)
  a stone
(11, -31, Lair:2)
  a stone
(13, -32, Lair:2)
  a stone
(15, -45, Lair:2)
  a +0 shortbow
  10 arrows
  7 scrolls of immolation
(23, -7, Lair:2)
  a scroll of random uselessness
(26, -45, Lair:2)
  a +0 flail
(31, -41, Lair:2)
  a cursed -2 war axe
(58, -34, Lair:2)
  a +0 robe

Level 1 of the Shoals
(0, 0, Shoals:1)
  a +0 spear
(8, -3, Shoals:1)
  a wand of flame (29/48)
(11, -4, Shoals:1)
  a stone
(18, -41, Shoals:1)
  a scroll of vulnerability
(18, -8, Shoals:1)
  a +0 quarterstaff
  a +1 hunting sling of freezing
  a sea snake corpse
(18, -7, Shoals:1)
  a +0 dagger
(20, -34, Shoals:1)
  a +0 plate armour
(22, -8, Shoals:1)
  a +1 vampiric trident
  a +0 robe
(23, -22, Shoals:1)
  a +0 trident
(32, -1, Shoals:1)
  the +11 shortbow of the Manifold Eyes {velocity, rPois rF- Dex+3}
    Any arrow fired from it inflicts extra damage.
    
    It affects your dexterity (+3).
    It makes you vulnerable to fire.
    It protects you from poison.
(33, -3, Shoals:1)
  a tomahawk (still there?)
  a sling bullet (still there?)
  13 gold pieces (still there?)
(33, 0, Shoals:1)
  a bread ration
(36, -10, Shoals:1)
  9 arrows
(37, -7, Shoals:1)
  a tomahawk
(39, -5, Shoals:1)
  31 arrows
  (unseen)
(39, 4, Shoals:1)
  a scroll of brand weapon
(40, -10, Shoals:1)
  3 tomahawks
(42, -17, Shoals:1)
  15 gold pieces
(42, -12, Shoals:1)
  a tomahawk

