Xiagg

Level 1 of the Dungeon
(18, 36, D:1)
  a cursed -3 club
(27, 18, D:1)
  a +0 club
(31, 38, D:1)
  an uncursed ring of teleportation
(43, 15, D:1)
  a +0 club
(50, 26, D:1)
  a cursed -1 leather armour

Level 2 of the Dungeon
(11, 10, D:2)
  a cursed -2 club
  a +0 whip
(35, 13, D:2)
  a +0 club

Level 3 of the Dungeon
(0, 0, D:3)
  a +0 club
  a +0 whip
(32, -3, D:3)
  a -2 short sword
(49, -32, D:3)
  a +0 whip

Level 4 of the Dungeon
(0, 0, D:4)
  a +2 dagger of venom
  a +0 robe
(2, -39, D:4)
  a +0 flail
(6, -4, D:4)
  a +0 dagger
  a +0 robe
(7, -5, D:4)
  a +0 dagger
  a +0 robe
(8, -5, D:4)
  a +0 dagger
(14, -30, D:4)
  a +0 club
(15, -34, D:4)
  a +0 whip
(16, -29, D:4)
  a +2 quarterstaff of chaos
  a +0 whip
  a +0 flail
  a +0 leather armour
  a +0 dagger
(17, -10, D:4)
  23 bolts
(27, -8, D:4)
  15 bolts
  a +0 chain mail
  a +0 short sword
  a +0 mace
  a +0 halberd
(33, -14, D:4)
  a +0 flail
(37, -15, D:4)
  4 large rocks
(38, -29, D:4)
  a +0 leather armour
(39, -16, D:4)
  a +0 giant spiked club
(39, -15, D:4)
  a +0 flail
  a +0 club
(40, -15, D:4)
  a +0 dagger
  a +0 hunting sling
(43, -37, D:4)
  a +0 leather armour
(49, -10, D:4)
  a +0 club
  a scroll of random uselessness
(51, -3, D:4)
  a +0 glaive

Level 5 of the Dungeon
(0, 0, D:5)
  a +0 morningstar
  a +0 ring mail
(0, 2, D:5)
  a +0 mace of draining
  a throwing net
  22 arrows
  a +0 robe
  16 poisoned needles
  a +0 dagger
(0, 3, D:5)
  a +0 hand axe
  a +0 scale mail
(0, 11, D:5)
  a +0 dagger
  a +0 robe
(11, 4, D:5)
  a +0 dagger
  a +0 robe
  a +0 whip
  a +0 mace
  a +0 leather armour
(15, -12, D:5)
  a cursed +0 chain mail
(37, 14, D:5)
  a +0 club
  a +0 dagger
  a +0 robe
  a +0 flail
(38, 14, D:5)
  a +0 dagger
  a +0 robe

Level 6 of the Dungeon
(0, 0, D:6)
  a +0 chain mail
(31, -5, D:6)
  a +0 dagger
(32, -2, D:6)
  a +0 club
(32, 25, D:6)
  a +0 scale mail
  a +0 ring mail
  a +1 short sword of venom
  a +0 dagger
  a +0 falchion
(63, -10, D:6)
  a +0 shortbow

Level 7 of the Dungeon
(0, 0, D:7)
  a +0 dagger
(10, -2, D:7)
  a +0 hand axe
  a +0 leather armour
  a +0 short sword
(10, -1, D:7)
  a +0 club
(19, -7, D:7)
  a +0 robe
(31, -9, D:7)
  a +0 dagger
  a +0 robe
(40, 1, D:7)
  a +0 robe
(44, 17, D:7)
  a +0 flail
  a +0 flail
  a +0 ring mail
(44, 21, D:7)
  21 bolts
(45, 17, D:7)
  a +0 mace
  a cursed +0 leather armour
  a +0 hand axe
(45, 18, D:7)
  a wand of paralysis (12/24)
  16 sling bullets
  a +0 rapier
  a cursed -2 spear
  a +0 chain mail
  a +0 long sword
  a +0 short sword
  a +0 hunting sling
  a +0 dagger
  a +0 robe
  a +0 club
(45, 19, D:7)
  a +0 hand axe
  a +0 leather armour
(55, 17, D:7)
  a cursed ring of teleportation
(58, 5, D:7)
  a +0 dagger
  a +0 leather armour
  a +0 club
  a +0 dagger
  a +0 robe
(58, 6, D:7)
  a +2 flail of protection
  a +0 chain mail
  a +0 flail
  a +0 scale mail

Level 8 of the Dungeon
(0, 0, D:8)
  a +0 whip
(2, 7, D:8)
  a +0 dagger
  a +4 whip
  a +0 club
  a +0 dagger
(3, -12, D:8)
  a +0 whip
  a +0 leather armour
  a +0 flail
  a +0 robe
(4, 3, D:8)
  a +0 flail
(5, -12, D:8)
  a +0 club
(19, -24, D:8)
  a +0 mace
  a +0 chain mail
(35, 3, D:8)
  7 needles of sleeping

Level 9 of the Dungeon
(1, 37, D:9)
  a +0 war axe
  a cursed +0 ring mail
(7, 23, D:9)
  a +0 whip
(8, 22, D:9)
  a +0 chain mail
(19, 26, D:9)
  a +0 flail
(24, 27, D:9)
  a +0 club
  a +0 whip
  a +0 dagger
(24, 49, D:9)
  a +0 club
(25, 31, D:9)
  a +0 dagger of freezing
  a +0 robe
(25, 49, D:9)
  a +0 dagger
  a +0 club
  a +0 giant club
(26, 31, D:9)
  a +0 dagger
(26, 50, D:9)
  a +0 battleaxe
  a +0 chain mail
  a +0 club
  a +0 leather armour
(28, 31, D:9)
  a +0 dagger
  a +0 robe
(33, 30, D:9)
  a +1 cloak
  a +0 robe
  a +0 scale mail
  a +0 chain mail
(50, 28, D:9)
  a +0 ring mail
(51, 40, D:9)
  a book of Necromancy
  a +0 plate armour

Level 10 of the Dungeon
(0, 0, D:10)
  a +0 dagger
  a +0 robe
  a +0 dagger
  a +0 robe
  a +0 dagger
  a +0 robe
(12, 1, D:10)
  a wand of polymorph (16/24)
  a potion of invisibility
  2 potions of lignification
  a wand of disintegration (13/24)
  a +0 shield
(13, -31, D:10)
  a +0 chain mail
(14, -17, D:10)
  a +0 short sword
(16, -6, D:10)
  a +0 ring mail
(23, -18, D:10)
  a +0 club
(23, -16, D:10)
  a +0 giant club
(24, -19, D:10)
  3 scrolls of immolation

Level 11 of the Dungeon
(0, 0, D:11)
  a cursed -1 quarterstaff
(0, 2, D:11)
  10 stones
(2, 7, D:11)
  a +0 rapier
(4, -2, D:11)
  an arrow
(4, -1, D:11)
  an arrow
(4, 0, D:11)
  7 arrows
(5, -3, D:11)
  2 arrows
(5, -1, D:11)
  an arrow
(6, -3, D:11)
  2 arrows
(6, -1, D:11)
  2 arrows
(6, 3, D:11)
  12 bolts
(8, -3, D:11)
  an arrow
(9, 10, D:11)
  a poisoned needle
(15, -2, D:11)
  17 stones
(16, -17, D:11)
  a +0 giant club
(17, -16, D:11)
  a +0 giant spiked club
  a +0 giant spiked club
(22, -11, D:11)
  a +0 short sword
  an uncursed amulet of rage
  a wand of confusion (30/48)
  a +2 cloak {?}
  3 tomahawks of returning

