                                .....#                   
                                #.PP..                   
                               ##....#                   
    P..                         .....                    
# ###..                         #....                    
#.#.P..                         #...##                   
.......        .                 #...#                   
  .....       .# #.            ####.#                    
 #.#...#######.##...#          #....#                    
##.....#............#         ##.h.h#                    
#P....FF...#......#.##        #..%..##                   
.....####.##.........         ####...#                   
.##     #...#.#....#             ##..#                   
        ##.........######    #..# #..##                  
         #.........#....##   #..# ##.÷####               
         #...............#####..# #....#.## ###  ###     
         ##P##..........###....####.P#....###P####.###   
         #####....>......#..#..#..........##....#....#   
         #.####..............P.##(.......#...........### 
         ....PP............................##.##.......# 
         ...............#.........P#..#......###P#.....# 
         ....#...##......##.......##.P#.......#####....##
         ........P..#.#...............###....##   #...#.#
         ##P.................#......#......###    ##.####
        ####......÷.................P...P.##      #P..#  
        #.P...................P...........P#      ##..#  
        #...........P.#......).......###...#       #.##  
        #......#.....P##....#.....#.## ##.P#       #.#   
        #...<..#.........##.......####  #..###     #.##  
         #####...##.....#..###.......# ###..P#     #..#  
         ## ##...####..#####.........###...<##     #.P#  
       ###.##.?..#  ##..#.#.................###    #.##  
       #.......P#####..#......P...#...........#    #.### 
       ##..^...###..#P....#.......P.......##..## ###...# 
      ##..>...............................P#...###.....##
      #P.....#...#..........................#.#.####....#
      #.....≈...#≈.....#..........#.P..#.......#...#..###
      #..≈≈≈≈≈≈.≈#....#####.............##.#.....##..### 
      #..≈≈≈≈≈≈≈./...######.........#....###.........#.# 
      #.≈≈≈≈≈≈≈≈≈..###.P.##..##...P.#....####...P..)..## 
      #≈≈≈≈≈.≈≈≈≈..###......#.............###.....#..#.##
     #..≈≈≈≈<.≈≈≈≈..#................P##P......[..P.....#
     #..≈≈≈≈.≈≈≈≈..#............#.....########..........#
      #.≈≈≈≈≈≈≈≈≈...........##..##.....##    #..........#
        ≈≈≈≈≈≈≈≈≈....#......#######.##..#####P.......####
         ≈≈≈≈≈≈≈....#......##     #####....###.....###   
          ..≈≈.....###...###         #P........#####     
                     #####           ###P.#..#.#         
                                       ####....#         
                                          ##...#         
                                           ##...#        
                                             #..#        
                                              ##.        
