Dono

Level 1 of the Dungeon
(0, 0, D:1)
  a +0 dagger
(4, -16, D:1)
  a +0 robe

Level 2 of the Dungeon
(0, 0, D:2)
  a +0 short sword
  a +0 leather armour
(2, 4, D:2)
  a +0 robe
(5, 3, D:2)
  a +0 robe
(7, -3, D:2)
  a +0 dagger
(10, 1, D:2)
  a +0 dagger
(12, 0, D:2)
  a +0 club
(21, 30, D:2)
  a +0 dagger
(32, -8, D:2)
  a +0 robe
(36, 6, D:2)
  a +0 mace
(42, 11, D:2)
  a cursed -2 club
(46, 4, D:2)
  a +0 dagger
(53, 23, D:2)
  a +0 whip
(53, 30, D:2)
  a +0 spear
(60, 5, D:2)
  a +0 club
  a +0 dagger
  a +0 club
  a +0 club
  a +0 club
(60, 6, D:2)
  a +0 animal skin
  a +0 helmet
  a +0 club
(61, 7, D:2)
  a +0 club
(61, 33, D:2)
  a cursed -3 ring of intelligence
  a cursed -3 dagger
(63, 7, D:2)
  a cursed +0 club

Level 3 of the Dungeon
(0, 0, D:3)
  a cursed +0 whip
(5, 45, D:3)
  a +0 trident
(9, 14, D:3)
  a +0 flail
  a +0 club
  a +0 club
  a +0 scale mail
(37, 7, D:3)
  a +0 plate armour
(37, 12, D:3)
  a +0 chain mail
(37, 30, D:3)
  a cursed -2 short sword
(38, 12, D:3)
  a +0 flail
  a cursed +0 chain mail
(39, 4, D:3)
  a +0 dagger
  a +0 leather armour
(47, 49, D:3)
  a +0 chain mail

Level 4 of the Dungeon
(0, 0, D:4)
  a +0 leather armour
(6, 14, D:4)
  a +0 robe
(25, 4, D:4)
  a +0 hunting sling
(28, 6, D:4)
  a +0 whip
(29, 6, D:4)
  a +0 hand axe
  a +0 ring mail
(29, 7, D:4)
  a +0 club
(39, 36, D:4)
  a +0 whip of flaming
  a +0 robe
(58, 9, D:4)
  a +0 robe
(59, 3, D:4)
  a +0 hunting sling

Level 5 of the Dungeon
(0, 0, D:5)
  a +0 chain mail
(3, -16, D:5)
  a scroll of remove curse
(3, -11, D:5)
  a bread ration
(3, 2, D:5)
  a cursed -2 dagger
  (unseen)
(4, 1, D:5)
  2 tomahawks
(5, 1, D:5)
  a chunk of flesh
  a leopard gecko skeleton
(7, -2, D:5)
  a hound corpse
(7, -1, D:5)
  a tomahawk
(21, -3, D:5)
  a +0 chain mail

