             ##                   ########                           
             #.#                  #..##..#                           
             #..#      #######   ##.....##                           
            # ..O##    #.....#   #.....##                            
            ..##...##  #.....#  ##.....##                            
            .... #..####.....#  #.......##                           
            .....##...##.....#  #........#                           
            .......O.$.......# ##....<...##                          
            .........####....###..........#                          
            .......O.#  ###....÷........###                          
            .........#    ####....#######                            
            .........#       #.....##                                
            .........#       #......#                                
            .........#       #..#...##                               
            .........#       #..##...###                             
            .........#       #.........###                           
                            ##<..........##                          
                            #.............##                         
                            ##.............#                         
                             #............##                         
                             #............#                          
                             ##....<......##                         
        #####                 #............##                        
        #...#                 #.########....##                       
        #...#                 #..............#          ..#          
        #...#                 #...##########.##         #.#          
        ##'##                 #...#......[.#..##        #.# #######  
        ♣♣.♣                  #...#.######.#...##       #.###....[## 
        ♣.♣♣                 ##...#.#....#.#....##      #..........# 
       ♣♣.♣                 ##..#.#.#..#.#.#.....###    #......<...##
       ♣.♣♣             #####..##.#.####.#.#.......### ##.....).....#
       ♣♣.♣♣           ##.##..###.#......#.#.####....###............#
       ♣.P.♣♣          #..##.####.########.#.#  ###......#..........#
       ♣..P.♣         ##.##.###............#.#    ##....##..........#
       #....#         #..#..###...##########.#   ##......##.........#
     ####..#######    #.#...##...............# ###.......##.........#
     #..#........##   ##.....#.#.....##.##.#####.......#..#.........#
     ##.##........##  ##......#########....####........#..#........##
      #............####......##       ####...#..........#.##.......# 
      #..............#.......##          ##.....#.......#..#.......# 
.     #.......................#          #.....##..........^.......# 
..   ##.......................##       ##....####..................# 
...###....>.........#..........#     ###.....#  #..........#.......# 
....[...............##.........#######....#.##  #.........#........# 
....................##...................####   #.........#....###.# 
#..................####.........##........##    #.........#...## ### 
...................###.......#####.........###  #...........>##      
..#................##.........## ##..........##  #...........#       
. #...............##...........#  #...........####..........##       
  #............................#  #........#....#...[.......#        
  #............................## ##........#..............##        
  #..........#.. ##.......>..>..#  #.........##...#.......##         
  #..........#    ##............#  #..........##.###......#          
  #.........##     #............## ##.........##..###....##          
                   ##............#  ##........##..# ###..#           
                    #............#   #.........#..#  #..##           
                    ##...........#   ##........#..# ##..#            
                     #...........#    ##.......#..# #..##            
                     ##.#........#     #.......)..###..#             
                      #..##.....##     ##########.##...#             
                      ##.###..###               #.##..##             
                       ### ####                 #.##.##              
                                                ######               
