Baxt

Level 1 of the Dungeon
(0, 0, D:1)
  20 arrows
(19, -5, D:1)
  a +0 club
(25, 17, D:1)
  a +0 club
(34, 12, D:1)
  a +0 dagger

Level 2 of the Dungeon
(11, -54, D:2)
  a +0 helmet
(17, -36, D:2)
  a cursed +0 ring mail
(20, -50, D:2)
  a +0 club
(21, -32, D:2)
  a +0 club
(29, -35, D:2)
  a cursed -3 club
(48, -8, D:2)
  a +0 club
(49, -52, D:2)
  a cursed -2 club
(53, -11, D:2)
  a +0 scale mail
(63, -50, D:2)
  a +0 club

Level 3 of the Dungeon
(13, 1, D:3)
  a +0 club
(16, 32, D:3)
  a +0 trident
(21, 20, D:3)
  a +0 flail
(23, 3, D:3)
  a +0 club
  a +0 dagger
  a +0 robe
  a +0 mace
  a +0 leather armour
  a +0 trident
  a +0 leather armour
(23, 25, D:3)
  a +0 leather armour
(25, 25, D:3)
  a +0 club
(28, -1, D:3)
  a +0 short sword
(31, -14, D:3)
  a +0 whip
(49, 15, D:3)
  a +0 dagger
(49, 17, D:3)
  a +0 leather armour
(50, 16, D:3)
  a +0 whip
  a +0 leather armour
(50, 17, D:3)
  a +0 trident

Level 4 of the Dungeon
[Shop] Boalotan's Antique Weapon Shop
  (Shop contents are unknown)
(0, 0, D:4)
  a cursed -1 dagger (still there?)
  a +0 club (still there?)

